[2026-07-13T13:22:16.057+0530][3.229s][info][gc,init] CardTable entry size: 512
[2026-07-13T13:22:16.062+0530][3.234s][info][gc     ] Using G1
[2026-07-13T13:22:16.067+0530][3.238s][info][gc,init] Version: 21.0.5+9-LTS-239 (release)
[2026-07-13T13:22:16.067+0530][3.238s][info][gc,init] CPUs: 12 total, 12 available
[2026-07-13T13:22:16.067+0530][3.238s][info][gc,init] Memory: 32452M
[2026-07-13T13:22:16.067+0530][3.238s][info][gc,init] Large Page Support: Disabled
[2026-07-13T13:22:16.067+0530][3.238s][info][gc,init] NUMA Support: Disabled
[2026-07-13T13:22:16.067+0530][3.238s][info][gc,init] Compressed Oops: Enabled (Zero based)
[2026-07-13T13:22:16.067+0530][3.238s][info][gc,init] Heap Region Size: 4M
[2026-07-13T13:22:16.067+0530][3.238s][info][gc,init] Heap Min Capacity: 8M
[2026-07-13T13:22:16.067+0530][3.238s][info][gc,init] Heap Initial Capacity: 508M
[2026-07-13T13:22:16.067+0530][3.238s][info][gc,init] Heap Max Capacity: 8116M
[2026-07-13T13:22:16.067+0530][3.238s][info][gc,init] Pre-touch: Disabled
[2026-07-13T13:22:16.067+0530][3.238s][info][gc,init] Parallel Workers: 10
[2026-07-13T13:22:16.067+0530][3.238s][info][gc,init] Concurrent Workers: 3
[2026-07-13T13:22:16.067+0530][3.238s][info][gc,init] Concurrent Refinement Workers: 10
[2026-07-13T13:22:16.067+0530][3.238s][info][gc,init] Periodic GC: Disabled
[2026-07-13T13:22:16.068+0530][3.239s][info][gc,metaspace] CDS archive(s) not mapped
[2026-07-13T13:22:16.068+0530][3.239s][info][gc,metaspace] Compressed class space mapped at: 0x0000000800000000-0x0000000840000000, reserved size: 1073741824
[2026-07-13T13:22:16.068+0530][3.239s][info][gc,metaspace] Narrow klass base: 0x0000000800000000, Narrow klass shift: 0, Narrow klass range: 0x40000000
[2026-07-13T13:22:18.028+0530][5.200s][info][gc,start    ] GC(0) Pause Young (Normal) (G1 Evacuation Pause)
[2026-07-13T13:22:18.029+0530][5.201s][info][gc,task     ] GC(0) Using 10 workers of 10 for evacuation
[2026-07-13T13:22:18.040+0530][5.211s][info][gc,phases   ] GC(0)   Pre Evacuate Collection Set: 0.2ms
[2026-07-13T13:22:18.040+0530][5.211s][info][gc,phases   ] GC(0)   Merge Heap Roots: 0.2ms
[2026-07-13T13:22:18.040+0530][5.211s][info][gc,phases   ] GC(0)   Evacuate Collection Set: 7.6ms
[2026-07-13T13:22:18.040+0530][5.211s][info][gc,phases   ] GC(0)   Post Evacuate Collection Set: 0.8ms
[2026-07-13T13:22:18.040+0530][5.211s][info][gc,phases   ] GC(0)   Other: 0.8ms
[2026-07-13T13:22:18.040+0530][5.211s][info][gc,heap     ] GC(0) Eden regions: 6->0(5)
[2026-07-13T13:22:18.040+0530][5.211s][info][gc,heap     ] GC(0) Survivor regions: 0->1(1)
[2026-07-13T13:22:18.040+0530][5.211s][info][gc,heap     ] GC(0) Old regions: 0->2
[2026-07-13T13:22:18.040+0530][5.211s][info][gc,heap     ] GC(0) Humongous regions: 0->0
[2026-07-13T13:22:18.040+0530][5.211s][info][gc,metaspace] GC(0) Metaspace: 15198K(15424K)->15198K(15424K) NonClass: 13724K(13888K)->13724K(13888K) Class: 1473K(1536K)->1473K(1536K)
[2026-07-13T13:22:18.040+0530][5.211s][info][gc          ] GC(0) Pause Young (Normal) (G1 Evacuation Pause) 24M->8M(508M) 11.378ms
[2026-07-13T13:22:18.040+0530][5.211s][info][gc,cpu      ] GC(0) User=0.05s Sys=0.08s Real=0.01s
[2026-07-13T13:22:19.227+0530][6.399s][info][gc,start    ] GC(1) Pause Young (Normal) (G1 Evacuation Pause)
[2026-07-13T13:22:19.228+0530][6.399s][info][gc,task     ] GC(1) Using 10 workers of 10 for evacuation
[2026-07-13T13:22:19.232+0530][6.404s][info][gc,phases   ] GC(1)   Pre Evacuate Collection Set: 0.2ms
[2026-07-13T13:22:19.232+0530][6.404s][info][gc,phases   ] GC(1)   Merge Heap Roots: 0.1ms
[2026-07-13T13:22:19.232+0530][6.404s][info][gc,phases   ] GC(1)   Evacuate Collection Set: 3.6ms
[2026-07-13T13:22:19.232+0530][6.404s][info][gc,phases   ] GC(1)   Post Evacuate Collection Set: 0.7ms
[2026-07-13T13:22:19.232+0530][6.404s][info][gc,phases   ] GC(1)   Other: 0.1ms
[2026-07-13T13:22:19.232+0530][6.404s][info][gc,heap     ] GC(1) Eden regions: 5->0(17)
[2026-07-13T13:22:19.232+0530][6.404s][info][gc,heap     ] GC(1) Survivor regions: 1->1(1)
[2026-07-13T13:22:19.232+0530][6.404s][info][gc,heap     ] GC(1) Old regions: 2->3
[2026-07-13T13:22:19.232+0530][6.404s][info][gc,heap     ] GC(1) Humongous regions: 0->0
[2026-07-13T13:22:19.232+0530][6.404s][info][gc,metaspace] GC(1) Metaspace: 20024K(20288K)->20024K(20288K) NonClass: 17962K(18112K)->17962K(18112K) Class: 2061K(2176K)->2061K(2176K)
[2026-07-13T13:22:19.233+0530][6.404s][info][gc          ] GC(1) Pause Young (Normal) (G1 Evacuation Pause) 28M->10M(508M) 5.149ms
[2026-07-13T13:22:19.233+0530][6.404s][info][gc,cpu      ] GC(1) User=0.00s Sys=0.00s Real=0.01s
[2026-07-13T13:22:19.672+0530][6.844s][info][gc,start    ] GC(2) Pause Young (Concurrent Start) (Metadata GC Threshold)
[2026-07-13T13:22:19.672+0530][6.844s][info][gc,task     ] GC(2) Using 10 workers of 10 for evacuation
[2026-07-13T13:22:19.676+0530][6.847s][info][gc,phases   ] GC(2)   Pre Evacuate Collection Set: 0.3ms
[2026-07-13T13:22:19.676+0530][6.847s][info][gc,phases   ] GC(2)   Merge Heap Roots: 0.1ms
[2026-07-13T13:22:19.676+0530][6.847s][info][gc,phases   ] GC(2)   Evacuate Collection Set: 2.1ms
[2026-07-13T13:22:19.676+0530][6.847s][info][gc,phases   ] GC(2)   Post Evacuate Collection Set: 0.7ms
[2026-07-13T13:22:19.676+0530][6.847s][info][gc,phases   ] GC(2)   Other: 0.2ms
[2026-07-13T13:22:19.676+0530][6.847s][info][gc,heap     ] GC(2) Eden regions: 3->0(45)
[2026-07-13T13:22:19.676+0530][6.847s][info][gc,heap     ] GC(2) Survivor regions: 1->1(3)
[2026-07-13T13:22:19.676+0530][6.848s][info][gc,heap     ] GC(2) Old regions: 3->3
[2026-07-13T13:22:19.676+0530][6.848s][info][gc,heap     ] GC(2) Humongous regions: 0->0
[2026-07-13T13:22:19.676+0530][6.848s][info][gc,metaspace] GC(2) Metaspace: 21299K(21504K)->21299K(21504K) NonClass: 19078K(19200K)->19078K(19200K) Class: 2221K(2304K)->2221K(2304K)
[2026-07-13T13:22:19.676+0530][6.848s][info][gc          ] GC(2) Pause Young (Concurrent Start) (Metadata GC Threshold) 21M->11M(508M) 3.895ms
[2026-07-13T13:22:19.677+0530][6.848s][info][gc,cpu      ] GC(2) User=0.00s Sys=0.00s Real=0.01s
[2026-07-13T13:22:19.677+0530][6.848s][info][gc          ] GC(3) Concurrent Mark Cycle
[2026-07-13T13:22:19.677+0530][6.848s][info][gc,marking  ] GC(3) Concurrent Scan Root Regions
[2026-07-13T13:22:19.679+0530][6.850s][info][gc,marking  ] GC(3) Concurrent Scan Root Regions 2.462ms
[2026-07-13T13:22:19.679+0530][6.850s][info][gc,marking  ] GC(3) Concurrent Mark
[2026-07-13T13:22:19.679+0530][6.850s][info][gc,marking  ] GC(3) Concurrent Mark From Roots
[2026-07-13T13:22:19.679+0530][6.851s][info][gc,task     ] GC(3) Using 3 workers of 3 for marking
[2026-07-13T13:22:19.683+0530][6.856s][info][gc,marking  ] GC(3) Concurrent Mark From Roots 5.302ms
[2026-07-13T13:22:19.683+0530][6.856s][info][gc,marking  ] GC(3) Concurrent Preclean
[2026-07-13T13:22:19.683+0530][6.856s][info][gc,marking  ] GC(3) Concurrent Preclean 0.071ms
[2026-07-13T13:22:19.685+0530][6.856s][info][gc,start    ] GC(3) Pause Remark
[2026-07-13T13:22:19.688+0530][6.859s][info][gc          ] GC(3) Pause Remark 13M->13M(68M) 3.238ms
[2026-07-13T13:22:19.688+0530][6.859s][info][gc,cpu      ] GC(3) User=0.00s Sys=0.00s Real=0.00s
[2026-07-13T13:22:19.688+0530][6.860s][info][gc,marking  ] GC(3) Concurrent Mark 9.123ms
[2026-07-13T13:22:19.688+0530][6.860s][info][gc,marking  ] GC(3) Concurrent Rebuild Remembered Sets and Scrub Regions
[2026-07-13T13:22:19.691+0530][6.862s][info][gc,marking  ] GC(3) Concurrent Rebuild Remembered Sets and Scrub Regions 2.300ms
[2026-07-13T13:22:19.691+0530][6.862s][info][gc,start    ] GC(3) Pause Cleanup
[2026-07-13T13:22:19.691+0530][6.862s][info][gc          ] GC(3) Pause Cleanup 13M->13M(68M) 0.236ms
[2026-07-13T13:22:19.691+0530][6.862s][info][gc,cpu      ] GC(3) User=0.00s Sys=0.00s Real=0.00s
[2026-07-13T13:22:19.691+0530][6.863s][info][gc,marking  ] GC(3) Concurrent Clear Claimed Marks
[2026-07-13T13:22:19.691+0530][6.863s][info][gc,marking  ] GC(3) Concurrent Clear Claimed Marks 0.060ms
[2026-07-13T13:22:19.691+0530][6.863s][info][gc,marking  ] GC(3) Concurrent Cleanup for Next Mark
[2026-07-13T13:22:19.692+0530][6.863s][info][gc,marking  ] GC(3) Concurrent Cleanup for Next Mark 0.525ms
[2026-07-13T13:22:19.692+0530][6.863s][info][gc          ] GC(3) Concurrent Mark Cycle 15.506ms
[2026-07-13T13:22:21.206+0530][8.377s][info][gc,start    ] GC(4) Pause Young (Prepare Mixed) (G1 Evacuation Pause)
[2026-07-13T13:22:21.206+0530][8.377s][info][gc,task     ] GC(4) Using 9 workers of 10 for evacuation
[2026-07-13T13:22:21.213+0530][8.384s][info][gc,phases   ] GC(4)   Pre Evacuate Collection Set: 0.2ms
[2026-07-13T13:22:21.213+0530][8.384s][info][gc,phases   ] GC(4)   Merge Heap Roots: 0.2ms
[2026-07-13T13:22:21.213+0530][8.384s][info][gc,phases   ] GC(4)   Evacuate Collection Set: 5.0ms
[2026-07-13T13:22:21.213+0530][8.384s][info][gc,phases   ] GC(4)   Post Evacuate Collection Set: 1.1ms
[2026-07-13T13:22:21.213+0530][8.384s][info][gc,phases   ] GC(4)   Other: 0.2ms
[2026-07-13T13:22:21.213+0530][8.384s][info][gc,heap     ] GC(4) Eden regions: 9->0(8)
[2026-07-13T13:22:21.213+0530][8.384s][info][gc,heap     ] GC(4) Survivor regions: 1->1(2)
[2026-07-13T13:22:21.213+0530][8.384s][info][gc,heap     ] GC(4) Old regions: 3->3
[2026-07-13T13:22:21.213+0530][8.384s][info][gc,heap     ] GC(4) Humongous regions: 0->0
[2026-07-13T13:22:21.213+0530][8.384s][info][gc,metaspace] GC(4) Metaspace: 28263K(28736K)->28263K(28736K) NonClass: 25072K(25344K)->25072K(25344K) Class: 3191K(3392K)->3191K(3392K)
[2026-07-13T13:22:21.213+0530][8.384s][info][gc          ] GC(4) Pause Young (Prepare Mixed) (G1 Evacuation Pause) 47M->13M(68M) 7.198ms
[2026-07-13T13:22:21.213+0530][8.384s][info][gc,cpu      ] GC(4) User=0.03s Sys=0.09s Real=0.01s
[2026-07-13T13:22:21.980+0530][9.151s][info][gc,start    ] GC(5) Pause Young (Mixed) (G1 Evacuation Pause)
[2026-07-13T13:22:21.980+0530][9.151s][info][gc,task     ] GC(5) Using 10 workers of 10 for evacuation
[2026-07-13T13:22:21.986+0530][9.158s][info][gc,phases   ] GC(5)   Pre Evacuate Collection Set: 0.3ms
[2026-07-13T13:22:21.986+0530][9.158s][info][gc,phases   ] GC(5)   Merge Heap Roots: 0.2ms
[2026-07-13T13:22:21.986+0530][9.158s][info][gc,phases   ] GC(5)   Evacuate Collection Set: 4.9ms
[2026-07-13T13:22:21.986+0530][9.158s][info][gc,phases   ] GC(5)   Post Evacuate Collection Set: 0.8ms
[2026-07-13T13:22:21.986+0530][9.158s][info][gc,phases   ] GC(5)   Other: 0.1ms
[2026-07-13T13:22:21.986+0530][9.158s][info][gc,heap     ] GC(5) Eden regions: 8->0(8)
[2026-07-13T13:22:21.986+0530][9.158s][info][gc,heap     ] GC(5) Survivor regions: 1->2(2)
[2026-07-13T13:22:21.986+0530][9.158s][info][gc,heap     ] GC(5) Old regions: 3->3
[2026-07-13T13:22:21.986+0530][9.158s][info][gc,heap     ] GC(5) Humongous regions: 0->0
[2026-07-13T13:22:21.986+0530][9.158s][info][gc,metaspace] GC(5) Metaspace: 34370K(34752K)->34370K(34752K) NonClass: 30445K(30656K)->30445K(30656K) Class: 3925K(4096K)->3925K(4096K)
[2026-07-13T13:22:21.987+0530][9.158s][info][gc          ] GC(5) Pause Young (Mixed) (G1 Evacuation Pause) 45M->15M(68M) 6.703ms
[2026-07-13T13:22:21.987+0530][9.158s][info][gc,cpu      ] GC(5) User=0.00s Sys=0.00s Real=0.01s
[2026-07-13T13:22:22.139+0530][9.310s][info][gc,start    ] GC(6) Pause Young (Concurrent Start) (Metadata GC Threshold)
[2026-07-13T13:22:22.139+0530][9.310s][info][gc,task     ] GC(6) Using 10 workers of 10 for evacuation
[2026-07-13T13:22:22.146+0530][9.317s][info][gc,phases   ] GC(6)   Pre Evacuate Collection Set: 0.3ms
[2026-07-13T13:22:22.146+0530][9.317s][info][gc,phases   ] GC(6)   Merge Heap Roots: 0.1ms
[2026-07-13T13:22:22.146+0530][9.317s][info][gc,phases   ] GC(6)   Evacuate Collection Set: 5.7ms
[2026-07-13T13:22:22.146+0530][9.317s][info][gc,phases   ] GC(6)   Post Evacuate Collection Set: 0.7ms
[2026-07-13T13:22:22.146+0530][9.317s][info][gc,phases   ] GC(6)   Other: 0.2ms
[2026-07-13T13:22:22.146+0530][9.317s][info][gc,heap     ] GC(6) Eden regions: 2->0(9)
[2026-07-13T13:22:22.146+0530][9.317s][info][gc,heap     ] GC(6) Survivor regions: 2->1(2)
[2026-07-13T13:22:22.146+0530][9.317s][info][gc,heap     ] GC(6) Old regions: 3->4
[2026-07-13T13:22:22.146+0530][9.317s][info][gc,heap     ] GC(6) Humongous regions: 0->0
[2026-07-13T13:22:22.146+0530][9.317s][info][gc,metaspace] GC(6) Metaspace: 35531K(35968K)->35531K(35968K) NonClass: 31482K(31680K)->31482K(31680K) Class: 4049K(4288K)->4049K(4288K)
[2026-07-13T13:22:22.146+0530][9.317s][info][gc          ] GC(6) Pause Young (Concurrent Start) (Metadata GC Threshold) 20M->15M(68M) 7.422ms
[2026-07-13T13:22:22.146+0530][9.317s][info][gc,cpu      ] GC(6) User=0.00s Sys=0.00s Real=0.01s
[2026-07-13T13:22:22.146+0530][9.317s][info][gc          ] GC(7) Concurrent Mark Cycle
[2026-07-13T13:22:22.146+0530][9.318s][info][gc,marking  ] GC(7) Concurrent Scan Root Regions
[2026-07-13T13:22:22.149+0530][9.321s][info][gc,marking  ] GC(7) Concurrent Scan Root Regions 3.288ms
[2026-07-13T13:22:22.149+0530][9.321s][info][gc,marking  ] GC(7) Concurrent Mark
[2026-07-13T13:22:22.149+0530][9.321s][info][gc,marking  ] GC(7) Concurrent Mark From Roots
[2026-07-13T13:22:22.149+0530][9.321s][info][gc,task     ] GC(7) Using 3 workers of 3 for marking
[2026-07-13T13:22:22.156+0530][9.327s][info][gc,marking  ] GC(7) Concurrent Mark From Roots 5.956ms
[2026-07-13T13:22:22.156+0530][9.327s][info][gc,marking  ] GC(7) Concurrent Preclean
[2026-07-13T13:22:22.156+0530][9.327s][info][gc,marking  ] GC(7) Concurrent Preclean 0.065ms
[2026-07-13T13:22:22.156+0530][9.328s][info][gc,start    ] GC(7) Pause Remark
[2026-07-13T13:22:22.162+0530][9.333s][info][gc          ] GC(7) Pause Remark 15M->15M(68M) 4.903ms
[2026-07-13T13:22:22.162+0530][9.333s][info][gc,cpu      ] GC(7) User=0.00s Sys=0.00s Real=0.01s
[2026-07-13T13:22:22.162+0530][9.333s][info][gc,marking  ] GC(7) Concurrent Mark 11.844ms
[2026-07-13T13:22:22.162+0530][9.333s][info][gc,marking  ] GC(7) Concurrent Rebuild Remembered Sets and Scrub Regions
[2026-07-13T13:22:22.170+0530][9.341s][info][gc,marking  ] GC(7) Concurrent Rebuild Remembered Sets and Scrub Regions 8.287ms
[2026-07-13T13:22:22.170+0530][9.342s][info][gc,start    ] GC(7) Pause Cleanup
[2026-07-13T13:22:22.170+0530][9.342s][info][gc          ] GC(7) Pause Cleanup 16M->16M(68M) 0.253ms
[2026-07-13T13:22:22.170+0530][9.342s][info][gc,cpu      ] GC(7) User=0.00s Sys=0.00s Real=0.00s
[2026-07-13T13:22:22.170+0530][9.342s][info][gc,marking  ] GC(7) Concurrent Clear Claimed Marks
[2026-07-13T13:22:22.170+0530][9.342s][info][gc,marking  ] GC(7) Concurrent Clear Claimed Marks 0.081ms
[2026-07-13T13:22:22.170+0530][9.342s][info][gc,marking  ] GC(7) Concurrent Cleanup for Next Mark
[2026-07-13T13:22:22.171+0530][9.342s][info][gc,marking  ] GC(7) Concurrent Cleanup for Next Mark 0.162ms
[2026-07-13T13:22:22.171+0530][9.342s][info][gc          ] GC(7) Concurrent Mark Cycle 25.028ms
[2026-07-13T13:22:23.175+0530][10.347s][info][gc,start    ] GC(8) Pause Young (Prepare Mixed) (G1 Evacuation Pause)
[2026-07-13T13:22:23.175+0530][10.347s][info][gc,task     ] GC(8) Using 9 workers of 10 for evacuation
[2026-07-13T13:22:23.181+0530][10.353s][info][gc,phases   ] GC(8)   Pre Evacuate Collection Set: 0.3ms
[2026-07-13T13:22:23.181+0530][10.353s][info][gc,phases   ] GC(8)   Merge Heap Roots: 0.2ms
[2026-07-13T13:22:23.181+0530][10.353s][info][gc,phases   ] GC(8)   Evacuate Collection Set: 4.6ms
[2026-07-13T13:22:23.181+0530][10.353s][info][gc,phases   ] GC(8)   Post Evacuate Collection Set: 1.0ms
[2026-07-13T13:22:23.181+0530][10.353s][info][gc,phases   ] GC(8)   Other: 0.2ms
[2026-07-13T13:22:23.181+0530][10.353s][info][gc,heap     ] GC(8) Eden regions: 9->0(8)
[2026-07-13T13:22:23.181+0530][10.353s][info][gc,heap     ] GC(8) Survivor regions: 1->2(2)
[2026-07-13T13:22:23.182+0530][10.353s][info][gc,heap     ] GC(8) Old regions: 4->4
[2026-07-13T13:22:23.182+0530][10.353s][info][gc,heap     ] GC(8) Humongous regions: 0->0
[2026-07-13T13:22:23.182+0530][10.353s][info][gc,metaspace] GC(8) Metaspace: 39680K(40128K)->39680K(40128K) NonClass: 35040K(35264K)->35040K(35264K) Class: 4639K(4864K)->4639K(4864K)
[2026-07-13T13:22:23.182+0530][10.354s][info][gc          ] GC(8) Pause Young (Prepare Mixed) (G1 Evacuation Pause) 51M->17M(68M) 7.017ms
[2026-07-13T13:22:23.182+0530][10.354s][info][gc,cpu      ] GC(8) User=0.06s Sys=0.06s Real=0.01s
[2026-07-13T13:22:24.655+0530][11.827s][info][gc,start    ] GC(9) Pause Young (Mixed) (G1 Evacuation Pause)
[2026-07-13T13:22:24.656+0530][11.827s][info][gc,task     ] GC(9) Using 7 workers of 10 for evacuation
[2026-07-13T13:22:24.666+0530][11.837s][info][gc,phases   ] GC(9)   Pre Evacuate Collection Set: 0.2ms
[2026-07-13T13:22:24.666+0530][11.837s][info][gc,phases   ] GC(9)   Merge Heap Roots: 0.2ms
[2026-07-13T13:22:24.666+0530][11.837s][info][gc,phases   ] GC(9)   Evacuate Collection Set: 7.8ms
[2026-07-13T13:22:24.666+0530][11.837s][info][gc,phases   ] GC(9)   Post Evacuate Collection Set: 1.6ms
[2026-07-13T13:22:24.666+0530][11.837s][info][gc,phases   ] GC(9)   Other: 0.2ms
[2026-07-13T13:22:24.666+0530][11.837s][info][gc,heap     ] GC(9) Eden regions: 8->0(8)
[2026-07-13T13:22:24.666+0530][11.837s][info][gc,heap     ] GC(9) Survivor regions: 2->2(2)
[2026-07-13T13:22:24.666+0530][11.837s][info][gc,heap     ] GC(9) Old regions: 4->4
[2026-07-13T13:22:24.666+0530][11.837s][info][gc,heap     ] GC(9) Humongous regions: 0->0
[2026-07-13T13:22:24.666+0530][11.837s][info][gc,metaspace] GC(9) Metaspace: 42792K(43328K)->42792K(43328K) NonClass: 37685K(38016K)->37685K(38016K) Class: 5107K(5312K)->5107K(5312K)
[2026-07-13T13:22:24.666+0530][11.838s][info][gc          ] GC(9) Pause Young (Mixed) (G1 Evacuation Pause) 49M->18M(68M) 10.598ms
[2026-07-13T13:22:24.666+0530][11.838s][info][gc,cpu      ] GC(9) User=0.06s Sys=0.05s Real=0.01s
[2026-07-13T13:22:26.646+0530][13.818s][info][gc,start    ] GC(10) Pause Young (Normal) (G1 Evacuation Pause)
[2026-07-13T13:22:26.646+0530][13.818s][info][gc,task     ] GC(10) Using 6 workers of 10 for evacuation
[2026-07-13T13:22:26.656+0530][13.827s][info][gc,phases   ] GC(10)   Pre Evacuate Collection Set: 0.3ms
[2026-07-13T13:22:26.656+0530][13.827s][info][gc,phases   ] GC(10)   Merge Heap Roots: 0.2ms
[2026-07-13T13:22:26.656+0530][13.827s][info][gc,phases   ] GC(10)   Evacuate Collection Set: 7.3ms
[2026-07-13T13:22:26.656+0530][13.827s][info][gc,phases   ] GC(10)   Post Evacuate Collection Set: 1.2ms
[2026-07-13T13:22:26.656+0530][13.827s][info][gc,phases   ] GC(10)   Other: 0.2ms
[2026-07-13T13:22:26.656+0530][13.827s][info][gc,heap     ] GC(10) Eden regions: 8->0(8)
[2026-07-13T13:22:26.656+0530][13.827s][info][gc,heap     ] GC(10) Survivor regions: 2->2(2)
[2026-07-13T13:22:26.656+0530][13.828s][info][gc,heap     ] GC(10) Old regions: 4->4
[2026-07-13T13:22:26.656+0530][13.828s][info][gc,heap     ] GC(10) Humongous regions: 0->0
[2026-07-13T13:22:26.657+0530][13.828s][info][gc,metaspace] GC(10) Metaspace: 46455K(46912K)->46455K(46912K) NonClass: 40821K(41088K)->40821K(41088K) Class: 5634K(5824K)->5634K(5824K)
[2026-07-13T13:22:26.657+0530][13.828s][info][gc          ] GC(10) Pause Young (Normal) (G1 Evacuation Pause) 50M->21M(68M) 10.065ms
[2026-07-13T13:22:26.657+0530][13.828s][info][gc,cpu      ] GC(10) User=0.00s Sys=0.00s Real=0.01s
[2026-07-13T13:22:28.378+0530][15.549s][info][gc,start    ] GC(11) Pause Young (Normal) (G1 Evacuation Pause)
[2026-07-13T13:22:28.378+0530][15.549s][info][gc,task     ] GC(11) Using 6 workers of 10 for evacuation
[2026-07-13T13:22:28.389+0530][15.561s][info][gc,phases   ] GC(11)   Pre Evacuate Collection Set: 0.3ms
[2026-07-13T13:22:28.389+0530][15.561s][info][gc,phases   ] GC(11)   Merge Heap Roots: 0.2ms
[2026-07-13T13:22:28.389+0530][15.561s][info][gc,phases   ] GC(11)   Evacuate Collection Set: 9.9ms
[2026-07-13T13:22:28.389+0530][15.561s][info][gc,phases   ] GC(11)   Post Evacuate Collection Set: 1.3ms
[2026-07-13T13:22:28.389+0530][15.561s][info][gc,phases   ] GC(11)   Other: 0.2ms
[2026-07-13T13:22:28.389+0530][15.561s][info][gc,heap     ] GC(11) Eden regions: 8->0(7)
[2026-07-13T13:22:28.389+0530][15.561s][info][gc,heap     ] GC(11) Survivor regions: 2->2(2)
[2026-07-13T13:22:28.389+0530][15.561s][info][gc,heap     ] GC(11) Old regions: 4->5
[2026-07-13T13:22:28.389+0530][15.561s][info][gc,heap     ] GC(11) Humongous regions: 0->0
[2026-07-13T13:22:28.390+0530][15.561s][info][gc,metaspace] GC(11) Metaspace: 50589K(51200K)->50589K(51200K) NonClass: 44351K(44672K)->44351K(44672K) Class: 6238K(6528K)->6238K(6528K)
[2026-07-13T13:22:28.390+0530][15.561s][info][gc          ] GC(11) Pause Young (Normal) (G1 Evacuation Pause) 53M->23M(68M) 12.523ms
[2026-07-13T13:22:28.390+0530][15.561s][info][gc,cpu      ] GC(11) User=0.05s Sys=0.05s Real=0.01s
[2026-07-13T13:22:30.414+0530][17.585s][info][gc,start    ] GC(12) Pause Young (Normal) (G1 Evacuation Pause)
[2026-07-13T13:22:30.414+0530][17.585s][info][gc,task     ] GC(12) Using 10 workers of 10 for evacuation
[2026-07-13T13:22:30.425+0530][17.597s][info][gc,phases   ] GC(12)   Pre Evacuate Collection Set: 0.2ms
[2026-07-13T13:22:30.426+0530][17.597s][info][gc,phases   ] GC(12)   Merge Heap Roots: 0.2ms
[2026-07-13T13:22:30.426+0530][17.597s][info][gc,phases   ] GC(12)   Evacuate Collection Set: 9.3ms
[2026-07-13T13:22:30.426+0530][17.597s][info][gc,phases   ] GC(12)   Post Evacuate Collection Set: 1.6ms
[2026-07-13T13:22:30.426+0530][17.597s][info][gc,phases   ] GC(12)   Other: 0.2ms
[2026-07-13T13:22:30.426+0530][17.597s][info][gc,heap     ] GC(12) Eden regions: 7->0(6)
[2026-07-13T13:22:30.426+0530][17.597s][info][gc,heap     ] GC(12) Survivor regions: 2->2(2)
[2026-07-13T13:22:30.426+0530][17.597s][info][gc,heap     ] GC(12) Old regions: 5->6
[2026-07-13T13:22:30.426+0530][17.597s][info][gc,heap     ] GC(12) Humongous regions: 0->0
[2026-07-13T13:22:30.426+0530][17.597s][info][gc,metaspace] GC(12) Metaspace: 53968K(54592K)->53968K(54592K) NonClass: 47244K(47616K)->47244K(47616K) Class: 6723K(6976K)->6723K(6976K)
[2026-07-13T13:22:30.426+0530][17.597s][info][gc          ] GC(12) Pause Young (Normal) (G1 Evacuation Pause) 51M->26M(68M) 12.217ms
[2026-07-13T13:22:30.426+0530][17.597s][info][gc,cpu      ] GC(12) User=0.00s Sys=0.00s Real=0.01s
[2026-07-13T13:22:32.389+0530][19.561s][info][gc,start    ] GC(13) Pause Young (Normal) (G1 Evacuation Pause)
[2026-07-13T13:22:32.389+0530][19.561s][info][gc,task     ] GC(13) Using 10 workers of 10 for evacuation
[2026-07-13T13:22:32.399+0530][19.570s][info][gc,phases   ] GC(13)   Pre Evacuate Collection Set: 0.4ms
[2026-07-13T13:22:32.400+0530][19.571s][info][gc,phases   ] GC(13)   Merge Heap Roots: 0.2ms
[2026-07-13T13:22:32.400+0530][19.571s][info][gc,phases   ] GC(13)   Evacuate Collection Set: 7.5ms
[2026-07-13T13:22:32.400+0530][19.571s][info][gc,phases   ] GC(13)   Post Evacuate Collection Set: 1.3ms
[2026-07-13T13:22:32.400+0530][19.571s][info][gc,phases   ] GC(13)   Other: 0.2ms
[2026-07-13T13:22:32.400+0530][19.571s][info][gc,heap     ] GC(13) Eden regions: 6->0(7)
[2026-07-13T13:22:32.400+0530][19.571s][info][gc,heap     ] GC(13) Survivor regions: 2->1(1)
[2026-07-13T13:22:32.400+0530][19.571s][info][gc,heap     ] GC(13) Old regions: 6->7
[2026-07-13T13:22:32.400+0530][19.571s][info][gc,heap     ] GC(13) Humongous regions: 0->0
[2026-07-13T13:22:32.400+0530][19.571s][info][gc,metaspace] GC(13) Metaspace: 58333K(59072K)->58333K(59072K) NonClass: 50795K(51200K)->50795K(51200K) Class: 7538K(7872K)->7538K(7872K)
[2026-07-13T13:22:32.400+0530][19.571s][info][gc          ] GC(13) Pause Young (Normal) (G1 Evacuation Pause) 50M->27M(68M) 10.299ms
[2026-07-13T13:22:32.400+0530][19.571s][info][gc,cpu      ] GC(13) User=0.05s Sys=0.00s Real=0.01s
[2026-07-13T13:22:32.703+0530][19.875s][info][gc,start    ] GC(14) Pause Young (Concurrent Start) (Metadata GC Threshold)
[2026-07-13T13:22:32.703+0530][19.875s][info][gc,task     ] GC(14) Using 10 workers of 10 for evacuation
[2026-07-13T13:22:32.711+0530][19.882s][info][gc,phases   ] GC(14)   Pre Evacuate Collection Set: 0.3ms
[2026-07-13T13:22:32.711+0530][19.882s][info][gc,phases   ] GC(14)   Merge Heap Roots: 0.2ms
[2026-07-13T13:22:32.711+0530][19.882s][info][gc,phases   ] GC(14)   Evacuate Collection Set: 4.9ms
[2026-07-13T13:22:32.711+0530][19.882s][info][gc,phases   ] GC(14)   Post Evacuate Collection Set: 1.0ms
[2026-07-13T13:22:32.711+0530][19.882s][info][gc,phases   ] GC(14)   Other: 0.3ms
[2026-07-13T13:22:32.711+0530][19.882s][info][gc,heap     ] GC(14) Eden regions: 2->0(7)
[2026-07-13T13:22:32.711+0530][19.882s][info][gc,heap     ] GC(14) Survivor regions: 1->1(1)
[2026-07-13T13:22:32.711+0530][19.882s][info][gc,heap     ] GC(14) Old regions: 7->7
[2026-07-13T13:22:32.711+0530][19.882s][info][gc,heap     ] GC(14) Humongous regions: 0->0
[2026-07-13T13:22:32.711+0530][19.882s][info][gc,metaspace] GC(14) Metaspace: 59402K(60096K)->59402K(60096K) NonClass: 51699K(52096K)->51699K(52096K) Class: 7703K(8000K)->7703K(8000K)
[2026-07-13T13:22:32.711+0530][19.882s][info][gc          ] GC(14) Pause Young (Concurrent Start) (Metadata GC Threshold) 35M->28M(68M) 7.330ms
[2026-07-13T13:22:32.711+0530][19.882s][info][gc,cpu      ] GC(14) User=0.00s Sys=0.02s Real=0.01s
[2026-07-13T13:22:32.711+0530][19.882s][info][gc          ] GC(15) Concurrent Mark Cycle
[2026-07-13T13:22:32.711+0530][19.883s][info][gc,marking  ] GC(15) Concurrent Scan Root Regions
[2026-07-13T13:22:32.717+0530][19.889s][info][gc,marking  ] GC(15) Concurrent Scan Root Regions 6.478ms
[2026-07-13T13:22:32.718+0530][19.889s][info][gc,marking  ] GC(15) Concurrent Mark
[2026-07-13T13:22:32.718+0530][19.889s][info][gc,marking  ] GC(15) Concurrent Mark From Roots
[2026-07-13T13:22:32.718+0530][19.889s][info][gc,task     ] GC(15) Using 3 workers of 3 for marking
[2026-07-13T13:22:32.747+0530][19.919s][info][gc,marking  ] GC(15) Concurrent Mark From Roots 29.942ms
[2026-07-13T13:22:32.748+0530][19.919s][info][gc,marking  ] GC(15) Concurrent Preclean
[2026-07-13T13:22:32.748+0530][19.920s][info][gc,marking  ] GC(15) Concurrent Preclean 0.347ms
[2026-07-13T13:22:32.748+0530][19.920s][info][gc,start    ] GC(15) Pause Remark
[2026-07-13T13:22:32.757+0530][19.928s][info][gc          ] GC(15) Pause Remark 28M->28M(68M) 8.744ms
[2026-07-13T13:22:32.758+0530][19.929s][info][gc,cpu      ] GC(15) User=0.02s Sys=0.00s Real=0.01s
[2026-07-13T13:22:32.758+0530][19.929s][info][gc,marking  ] GC(15) Concurrent Mark 39.620ms
[2026-07-13T13:22:32.758+0530][19.929s][info][gc,marking  ] GC(15) Concurrent Rebuild Remembered Sets and Scrub Regions
[2026-07-13T13:22:32.773+0530][19.945s][info][gc,marking  ] GC(15) Concurrent Rebuild Remembered Sets and Scrub Regions 16.495ms
[2026-07-13T13:22:32.773+0530][19.946s][info][gc,start    ] GC(15) Pause Cleanup
[2026-07-13T13:22:32.775+0530][19.946s][info][gc          ] GC(15) Pause Cleanup 29M->29M(68M) 0.418ms
[2026-07-13T13:22:32.775+0530][19.946s][info][gc,cpu      ] GC(15) User=0.00s Sys=0.00s Real=0.00s
[2026-07-13T13:22:32.775+0530][19.946s][info][gc,marking  ] GC(15) Concurrent Clear Claimed Marks
[2026-07-13T13:22:32.775+0530][19.946s][info][gc,marking  ] GC(15) Concurrent Clear Claimed Marks 0.142ms
[2026-07-13T13:22:32.775+0530][19.946s][info][gc,marking  ] GC(15) Concurrent Cleanup for Next Mark
[2026-07-13T13:22:32.776+0530][19.947s][info][gc,marking  ] GC(15) Concurrent Cleanup for Next Mark 0.315ms
[2026-07-13T13:22:32.776+0530][19.947s][info][gc          ] GC(15) Concurrent Mark Cycle 64.603ms
[2026-07-13T13:22:36.405+0530][23.577s][info][gc,start    ] GC(16) Pause Young (Prepare Mixed) (G1 Evacuation Pause)
[2026-07-13T13:22:36.405+0530][23.577s][info][gc,task     ] GC(16) Using 10 workers of 10 for evacuation
[2026-07-13T13:22:36.413+0530][23.585s][info][gc,phases   ] GC(16)   Pre Evacuate Collection Set: 0.3ms
[2026-07-13T13:22:36.413+0530][23.585s][info][gc,phases   ] GC(16)   Merge Heap Roots: 0.2ms
[2026-07-13T13:22:36.413+0530][23.585s][info][gc,phases   ] GC(16)   Evacuate Collection Set: 6.1ms
[2026-07-13T13:22:36.413+0530][23.585s][info][gc,phases   ] GC(16)   Post Evacuate Collection Set: 1.2ms
[2026-07-13T13:22:36.413+0530][23.585s][info][gc,phases   ] GC(16)   Other: 0.2ms
[2026-07-13T13:22:36.413+0530][23.585s][info][gc,heap     ] GC(16) Eden regions: 7->0(7)
[2026-07-13T13:22:36.413+0530][23.585s][info][gc,heap     ] GC(16) Survivor regions: 1->1(1)
[2026-07-13T13:22:36.414+0530][23.585s][info][gc,heap     ] GC(16) Old regions: 7->7
[2026-07-13T13:22:36.414+0530][23.585s][info][gc,heap     ] GC(16) Humongous regions: 0->0
[2026-07-13T13:22:36.414+0530][23.585s][info][gc,metaspace] GC(16) Metaspace: 69387K(70080K)->69387K(70080K) NonClass: 60444K(60800K)->60444K(60800K) Class: 8942K(9280K)->8942K(9280K)
[2026-07-13T13:22:36.414+0530][23.586s][info][gc          ] GC(16) Pause Young (Prepare Mixed) (G1 Evacuation Pause) 56M->30M(68M) 8.982ms
[2026-07-13T13:22:36.414+0530][23.586s][info][gc,cpu      ] GC(16) User=0.11s Sys=0.00s Real=0.01s
[2026-07-13T13:22:38.425+0530][25.597s][info][gc,start    ] GC(17) Pause Young (Mixed) (G1 Evacuation Pause)
[2026-07-13T13:22:38.426+0530][25.597s][info][gc,task     ] GC(17) Using 10 workers of 10 for evacuation
[2026-07-13T13:22:38.441+0530][25.613s][info][gc,phases   ] GC(17)   Pre Evacuate Collection Set: 0.4ms
[2026-07-13T13:22:38.441+0530][25.613s][info][gc,phases   ] GC(17)   Merge Heap Roots: 0.3ms
[2026-07-13T13:22:38.441+0530][25.613s][info][gc,phases   ] GC(17)   Evacuate Collection Set: 12.9ms
[2026-07-13T13:22:38.441+0530][25.613s][info][gc,phases   ] GC(17)   Post Evacuate Collection Set: 1.8ms
[2026-07-13T13:22:38.442+0530][25.613s][info][gc,phases   ] GC(17)   Other: 0.2ms
[2026-07-13T13:22:38.442+0530][25.613s][info][gc,heap     ] GC(17) Eden regions: 7->0(7)
[2026-07-13T13:22:38.442+0530][25.613s][info][gc,heap     ] GC(17) Survivor regions: 1->1(1)
[2026-07-13T13:22:38.442+0530][25.613s][info][gc,heap     ] GC(17) Old regions: 7->8
[2026-07-13T13:22:38.442+0530][25.613s][info][gc,heap     ] GC(17) Humongous regions: 0->0
[2026-07-13T13:22:38.442+0530][25.613s][info][gc,metaspace] GC(17) Metaspace: 75429K(76096K)->75429K(76096K) NonClass: 65758K(66112K)->65758K(66112K) Class: 9670K(9984K)->9670K(9984K)
[2026-07-13T13:22:38.442+0530][25.613s][info][gc          ] GC(17) Pause Young (Mixed) (G1 Evacuation Pause) 58M->31M(72M) 16.456ms
[2026-07-13T13:22:38.442+0530][25.613s][info][gc,cpu      ] GC(17) User=0.11s Sys=0.02s Real=0.02s
[2026-07-13T13:22:40.690+0530][27.862s][info][gc,start    ] GC(18) Pause Young (Normal) (G1 Evacuation Pause)
[2026-07-13T13:22:40.690+0530][27.862s][info][gc,task     ] GC(18) Using 10 workers of 10 for evacuation
[2026-07-13T13:22:40.696+0530][27.867s][info][gc,phases   ] GC(18)   Pre Evacuate Collection Set: 0.3ms
[2026-07-13T13:22:40.696+0530][27.868s][info][gc,phases   ] GC(18)   Merge Heap Roots: 0.3ms
[2026-07-13T13:22:40.696+0530][27.868s][info][gc,phases   ] GC(18)   Evacuate Collection Set: 3.4ms
[2026-07-13T13:22:40.696+0530][27.868s][info][gc,phases   ] GC(18)   Post Evacuate Collection Set: 1.0ms
[2026-07-13T13:22:40.696+0530][27.868s][info][gc,phases   ] GC(18)   Other: 0.2ms
[2026-07-13T13:22:40.696+0530][27.868s][info][gc,heap     ] GC(18) Eden regions: 7->0(7)
[2026-07-13T13:22:40.696+0530][27.868s][info][gc,heap     ] GC(18) Survivor regions: 1->1(1)
[2026-07-13T13:22:40.696+0530][27.868s][info][gc,heap     ] GC(18) Old regions: 8->8
[2026-07-13T13:22:40.696+0530][27.868s][info][gc,heap     ] GC(18) Humongous regions: 0->0
[2026-07-13T13:22:40.697+0530][27.868s][info][gc,metaspace] GC(18) Metaspace: 82876K(83520K)->82876K(83520K) NonClass: 72014K(72384K)->72014K(72384K) Class: 10861K(11136K)->10861K(11136K)
[2026-07-13T13:22:40.697+0530][27.868s][info][gc          ] GC(18) Pause Young (Normal) (G1 Evacuation Pause) 59M->32M(72M) 5.924ms
[2026-07-13T13:22:40.697+0530][27.868s][info][gc,cpu      ] GC(18) User=0.11s Sys=0.02s Real=0.01s
[2026-07-13T13:22:43.133+0530][30.305s][info][gc,start    ] GC(19) Pause Young (Concurrent Start) (G1 Evacuation Pause)
[2026-07-13T13:22:43.133+0530][30.305s][info][gc,task     ] GC(19) Using 10 workers of 10 for evacuation
[2026-07-13T13:22:43.142+0530][30.313s][info][gc,phases   ] GC(19)   Pre Evacuate Collection Set: 0.3ms
[2026-07-13T13:22:43.142+0530][30.313s][info][gc,phases   ] GC(19)   Merge Heap Roots: 0.2ms
[2026-07-13T13:22:43.142+0530][30.313s][info][gc,phases   ] GC(19)   Evacuate Collection Set: 5.1ms
[2026-07-13T13:22:43.142+0530][30.313s][info][gc,phases   ] GC(19)   Post Evacuate Collection Set: 1.6ms
[2026-07-13T13:22:43.142+0530][30.313s][info][gc,phases   ] GC(19)   Other: 0.2ms
[2026-07-13T13:22:43.142+0530][30.313s][info][gc,heap     ] GC(19) Eden regions: 7->0(7)
[2026-07-13T13:22:43.142+0530][30.313s][info][gc,heap     ] GC(19) Survivor regions: 1->1(1)
[2026-07-13T13:22:43.142+0530][30.313s][info][gc,heap     ] GC(19) Old regions: 8->8
[2026-07-13T13:22:43.142+0530][30.313s][info][gc,heap     ] GC(19) Humongous regions: 0->0
[2026-07-13T13:22:43.142+0530][30.313s][info][gc,metaspace] GC(19) Metaspace: 88009K(88768K)->88009K(88768K) NonClass: 76481K(76928K)->76481K(76928K) Class: 11528K(11840K)->11528K(11840K)
[2026-07-13T13:22:43.142+0530][30.313s][info][gc          ] GC(19) Pause Young (Concurrent Start) (G1 Evacuation Pause) 60M->34M(72M) 8.003ms
[2026-07-13T13:22:43.142+0530][30.313s][info][gc,cpu      ] GC(19) User=0.00s Sys=0.00s Real=0.01s
[2026-07-13T13:22:43.142+0530][30.313s][info][gc          ] GC(20) Concurrent Mark Cycle
[2026-07-13T13:22:43.142+0530][30.314s][info][gc,marking  ] GC(20) Concurrent Scan Root Regions
[2026-07-13T13:22:43.152+0530][30.324s][info][gc,marking  ] GC(20) Concurrent Scan Root Regions 10.096ms
[2026-07-13T13:22:43.152+0530][30.324s][info][gc,marking  ] GC(20) Concurrent Mark
[2026-07-13T13:22:43.152+0530][30.324s][info][gc,marking  ] GC(20) Concurrent Mark From Roots
[2026-07-13T13:22:43.152+0530][30.324s][info][gc,task     ] GC(20) Using 3 workers of 3 for marking
[2026-07-13T13:22:43.193+0530][30.364s][info][gc,marking  ] GC(20) Concurrent Mark From Roots 40.219ms
[2026-07-13T13:22:43.193+0530][30.364s][info][gc,marking  ] GC(20) Concurrent Preclean
[2026-07-13T13:22:43.193+0530][30.364s][info][gc,marking  ] GC(20) Concurrent Preclean 0.238ms
[2026-07-13T13:22:43.193+0530][30.365s][info][gc,start    ] GC(20) Pause Remark
[2026-07-13T13:22:43.202+0530][30.374s][info][gc          ] GC(20) Pause Remark 34M->34M(72M) 9.152ms
[2026-07-13T13:22:43.202+0530][30.374s][info][gc,cpu      ] GC(20) User=0.00s Sys=0.00s Real=0.01s
[2026-07-13T13:22:43.202+0530][30.374s][info][gc,marking  ] GC(20) Concurrent Mark 50.205ms
[2026-07-13T13:22:43.203+0530][30.374s][info][gc,marking  ] GC(20) Concurrent Rebuild Remembered Sets and Scrub Regions
[2026-07-13T13:22:43.225+0530][30.396s][info][gc,marking  ] GC(20) Concurrent Rebuild Remembered Sets and Scrub Regions 21.912ms
[2026-07-13T13:22:43.225+0530][30.396s][info][gc,start    ] GC(20) Pause Cleanup
[2026-07-13T13:22:43.225+0530][30.397s][info][gc          ] GC(20) Pause Cleanup 35M->35M(72M) 0.343ms
[2026-07-13T13:22:43.225+0530][30.397s][info][gc,cpu      ] GC(20) User=0.00s Sys=0.00s Real=0.00s
[2026-07-13T13:22:43.225+0530][30.397s][info][gc,marking  ] GC(20) Concurrent Clear Claimed Marks
[2026-07-13T13:22:43.226+0530][30.397s][info][gc,marking  ] GC(20) Concurrent Clear Claimed Marks 0.189ms
[2026-07-13T13:22:43.226+0530][30.397s][info][gc,marking  ] GC(20) Concurrent Cleanup for Next Mark
[2026-07-13T13:22:43.226+0530][30.398s][info][gc,marking  ] GC(20) Concurrent Cleanup for Next Mark 0.404ms
[2026-07-13T13:22:43.227+0530][30.398s][info][gc          ] GC(20) Concurrent Mark Cycle 84.264ms
[2026-07-13T13:22:44.533+0530][31.705s][info][gc,start    ] GC(21) Pause Young (Prepare Mixed) (G1 Evacuation Pause)
[2026-07-13T13:22:44.533+0530][31.705s][info][gc,task     ] GC(21) Using 10 workers of 10 for evacuation
[2026-07-13T13:22:44.543+0530][31.714s][info][gc,phases   ] GC(21)   Pre Evacuate Collection Set: 0.2ms
[2026-07-13T13:22:44.543+0530][31.715s][info][gc,phases   ] GC(21)   Merge Heap Roots: 0.2ms
[2026-07-13T13:22:44.543+0530][31.715s][info][gc,phases   ] GC(21)   Evacuate Collection Set: 7.6ms
[2026-07-13T13:22:44.543+0530][31.715s][info][gc,phases   ] GC(21)   Post Evacuate Collection Set: 1.4ms
[2026-07-13T13:22:44.543+0530][31.715s][info][gc,phases   ] GC(21)   Other: 0.2ms
[2026-07-13T13:22:44.543+0530][31.715s][info][gc,heap     ] GC(21) Eden regions: 7->0(6)
[2026-07-13T13:22:44.543+0530][31.715s][info][gc,heap     ] GC(21) Survivor regions: 1->1(1)
[2026-07-13T13:22:44.543+0530][31.715s][info][gc,heap     ] GC(21) Old regions: 8->9
[2026-07-13T13:22:44.543+0530][31.715s][info][gc,heap     ] GC(21) Humongous regions: 0->0
[2026-07-13T13:22:44.543+0530][31.715s][info][gc,metaspace] GC(21) Metaspace: 90312K(91136K)->90312K(91136K) NonClass: 78379K(78848K)->78379K(78848K) Class: 11932K(12288K)->11932K(12288K)
[2026-07-13T13:22:44.543+0530][31.715s][info][gc          ] GC(21) Pause Young (Prepare Mixed) (G1 Evacuation Pause) 62M->36M(72M) 10.155ms
[2026-07-13T13:22:44.543+0530][31.715s][info][gc,cpu      ] GC(21) User=0.11s Sys=0.00s Real=0.01s
[2026-07-13T13:22:45.890+0530][33.062s][info][gc,start    ] GC(22) Pause Young (Mixed) (G1 Evacuation Pause)
[2026-07-13T13:22:45.890+0530][33.062s][info][gc,task     ] GC(22) Using 10 workers of 10 for evacuation
[2026-07-13T13:22:45.903+0530][33.074s][info][gc,phases   ] GC(22)   Pre Evacuate Collection Set: 0.3ms
[2026-07-13T13:22:45.903+0530][33.074s][info][gc,phases   ] GC(22)   Merge Heap Roots: 0.4ms
[2026-07-13T13:22:45.903+0530][33.074s][info][gc,phases   ] GC(22)   Evacuate Collection Set: 9.8ms
[2026-07-13T13:22:45.903+0530][33.074s][info][gc,phases   ] GC(22)   Post Evacuate Collection Set: 1.7ms
[2026-07-13T13:22:45.903+0530][33.074s][info][gc,phases   ] GC(22)   Other: 0.2ms
[2026-07-13T13:22:45.903+0530][33.074s][info][gc,heap     ] GC(22) Eden regions: 6->0(6)
[2026-07-13T13:22:45.903+0530][33.074s][info][gc,heap     ] GC(22) Survivor regions: 1->1(1)
[2026-07-13T13:22:45.903+0530][33.074s][info][gc,heap     ] GC(22) Old regions: 9->9
[2026-07-13T13:22:45.903+0530][33.074s][info][gc,heap     ] GC(22) Humongous regions: 0->0
[2026-07-13T13:22:45.903+0530][33.075s][info][gc,metaspace] GC(22) Metaspace: 92526K(93312K)->92526K(93312K) NonClass: 80259K(80704K)->80259K(80704K) Class: 12267K(12608K)->12267K(12608K)
[2026-07-13T13:22:45.903+0530][33.075s][info][gc          ] GC(22) Pause Young (Mixed) (G1 Evacuation Pause) 60M->37M(72M) 13.021ms
[2026-07-13T13:22:45.903+0530][33.075s][info][gc,cpu      ] GC(22) User=0.12s Sys=0.00s Real=0.01s
[2026-07-13T13:22:46.912+0530][34.083s][info][gc,heap,exit] Heap
[2026-07-13T13:22:46.912+0530][34.083s][info][gc,heap,exit]  garbage-first heap   total 73728K, used 53960K [0x0000000604c00000, 0x0000000800000000)
[2026-07-13T13:22:46.912+0530][34.083s][info][gc,heap,exit]   region size 4096K, 5 young (20480K), 1 survivors (4096K)
[2026-07-13T13:22:46.912+0530][34.083s][info][gc,heap,exit]  Metaspace       used 94220K, committed 95104K, reserved 1179648K
[2026-07-13T13:22:46.912+0530][34.083s][info][gc,heap,exit]   class space    used 12568K, committed 12928K, reserved 1048576K
