[2026-07-08T16:05:25.484+0530][3.461s][info][gc,init] CardTable entry size: 512
[2026-07-08T16:05:25.486+0530][3.462s][info][gc     ] Using G1
[2026-07-08T16:05:25.487+0530][3.463s][info][gc,init] Version: 21.0.5+9-LTS-239 (release)
[2026-07-08T16:05:25.487+0530][3.463s][info][gc,init] CPUs: 12 total, 12 available
[2026-07-08T16:05:25.487+0530][3.463s][info][gc,init] Memory: 32452M
[2026-07-08T16:05:25.487+0530][3.463s][info][gc,init] Large Page Support: Disabled
[2026-07-08T16:05:25.487+0530][3.463s][info][gc,init] NUMA Support: Disabled
[2026-07-08T16:05:25.487+0530][3.463s][info][gc,init] Compressed Oops: Enabled (Zero based)
[2026-07-08T16:05:25.487+0530][3.463s][info][gc,init] Heap Region Size: 4M
[2026-07-08T16:05:25.487+0530][3.463s][info][gc,init] Heap Min Capacity: 8M
[2026-07-08T16:05:25.487+0530][3.463s][info][gc,init] Heap Initial Capacity: 508M
[2026-07-08T16:05:25.487+0530][3.463s][info][gc,init] Heap Max Capacity: 8116M
[2026-07-08T16:05:25.487+0530][3.463s][info][gc,init] Pre-touch: Disabled
[2026-07-08T16:05:25.487+0530][3.463s][info][gc,init] Parallel Workers: 10
[2026-07-08T16:05:25.487+0530][3.463s][info][gc,init] Concurrent Workers: 3
[2026-07-08T16:05:25.487+0530][3.463s][info][gc,init] Concurrent Refinement Workers: 10
[2026-07-08T16:05:25.487+0530][3.463s][info][gc,init] Periodic GC: Disabled
[2026-07-08T16:05:25.487+0530][3.464s][info][gc,metaspace] CDS archive(s) not mapped
[2026-07-08T16:05:25.487+0530][3.464s][info][gc,metaspace] Compressed class space mapped at: 0x0000000800000000-0x0000000840000000, reserved size: 1073741824
[2026-07-08T16:05:25.487+0530][3.464s][info][gc,metaspace] Narrow klass base: 0x0000000800000000, Narrow klass shift: 0, Narrow klass range: 0x40000000
[2026-07-08T16:05:26.090+0530][4.067s][info][gc,start    ] GC(0) Pause Young (Normal) (G1 Evacuation Pause)
[2026-07-08T16:05:26.091+0530][4.068s][info][gc,task     ] GC(0) Using 10 workers of 10 for evacuation
[2026-07-08T16:05:26.096+0530][4.072s][info][gc,phases   ] GC(0)   Pre Evacuate Collection Set: 0.1ms
[2026-07-08T16:05:26.096+0530][4.073s][info][gc,phases   ] GC(0)   Merge Heap Roots: 0.2ms
[2026-07-08T16:05:26.096+0530][4.073s][info][gc,phases   ] GC(0)   Evacuate Collection Set: 3.9ms
[2026-07-08T16:05:26.096+0530][4.073s][info][gc,phases   ] GC(0)   Post Evacuate Collection Set: 0.4ms
[2026-07-08T16:05:26.096+0530][4.073s][info][gc,phases   ] GC(0)   Other: 0.3ms
[2026-07-08T16:05:26.096+0530][4.073s][info][gc,heap     ] GC(0) Eden regions: 6->0(5)
[2026-07-08T16:05:26.096+0530][4.073s][info][gc,heap     ] GC(0) Survivor regions: 0->1(1)
[2026-07-08T16:05:26.096+0530][4.073s][info][gc,heap     ] GC(0) Old regions: 0->2
[2026-07-08T16:05:26.096+0530][4.073s][info][gc,heap     ] GC(0) Humongous regions: 0->0
[2026-07-08T16:05:26.096+0530][4.073s][info][gc,metaspace] GC(0) Metaspace: 16316K(16576K)->16316K(16576K) NonClass: 14721K(14848K)->14721K(14848K) Class: 1595K(1728K)->1595K(1728K)
[2026-07-08T16:05:26.096+0530][4.073s][info][gc          ] GC(0) Pause Young (Normal) (G1 Evacuation Pause) 24M->8M(508M) 5.236ms
[2026-07-08T16:05:26.096+0530][4.073s][info][gc,cpu      ] GC(0) User=0.11s Sys=0.05s Real=0.01s
[2026-07-08T16:05:26.378+0530][4.354s][info][gc,start    ] GC(1) Pause Young (Normal) (G1 Evacuation Pause)
[2026-07-08T16:05:26.378+0530][4.354s][info][gc,task     ] GC(1) Using 10 workers of 10 for evacuation
[2026-07-08T16:05:26.380+0530][4.357s][info][gc,phases   ] GC(1)   Pre Evacuate Collection Set: 0.1ms
[2026-07-08T16:05:26.380+0530][4.357s][info][gc,phases   ] GC(1)   Merge Heap Roots: 0.1ms
[2026-07-08T16:05:26.380+0530][4.357s][info][gc,phases   ] GC(1)   Evacuate Collection Set: 1.8ms
[2026-07-08T16:05:26.380+0530][4.357s][info][gc,phases   ] GC(1)   Post Evacuate Collection Set: 0.4ms
[2026-07-08T16:05:26.380+0530][4.357s][info][gc,phases   ] GC(1)   Other: 0.1ms
[2026-07-08T16:05:26.380+0530][4.357s][info][gc,heap     ] GC(1) Eden regions: 5->0(15)
[2026-07-08T16:05:26.380+0530][4.357s][info][gc,heap     ] GC(1) Survivor regions: 1->1(1)
[2026-07-08T16:05:26.380+0530][4.357s][info][gc,heap     ] GC(1) Old regions: 2->3
[2026-07-08T16:05:26.380+0530][4.357s][info][gc,heap     ] GC(1) Humongous regions: 0->0
[2026-07-08T16:05:26.380+0530][4.357s][info][gc,metaspace] GC(1) Metaspace: 20024K(20288K)->20024K(20288K) NonClass: 17962K(18112K)->17962K(18112K) Class: 2061K(2176K)->2061K(2176K)
[2026-07-08T16:05:26.380+0530][4.357s][info][gc          ] GC(1) Pause Young (Normal) (G1 Evacuation Pause) 28M->10M(508M) 2.798ms
[2026-07-08T16:05:26.380+0530][4.357s][info][gc,cpu      ] GC(1) User=0.00s Sys=0.00s Real=0.00s
[2026-07-08T16:05:26.490+0530][4.467s][info][gc,start    ] GC(2) Pause Young (Concurrent Start) (Metadata GC Threshold)
[2026-07-08T16:05:26.490+0530][4.467s][info][gc,task     ] GC(2) Using 10 workers of 10 for evacuation
[2026-07-08T16:05:26.492+0530][4.469s][info][gc,phases   ] GC(2)   Pre Evacuate Collection Set: 0.2ms
[2026-07-08T16:05:26.492+0530][4.469s][info][gc,phases   ] GC(2)   Merge Heap Roots: 0.1ms
[2026-07-08T16:05:26.492+0530][4.469s][info][gc,phases   ] GC(2)   Evacuate Collection Set: 0.8ms
[2026-07-08T16:05:26.492+0530][4.469s][info][gc,phases   ] GC(2)   Post Evacuate Collection Set: 0.3ms
[2026-07-08T16:05:26.492+0530][4.469s][info][gc,phases   ] GC(2)   Other: 0.1ms
[2026-07-08T16:05:26.492+0530][4.469s][info][gc,heap     ] GC(2) Eden regions: 3->0(40)
[2026-07-08T16:05:26.492+0530][4.469s][info][gc,heap     ] GC(2) Survivor regions: 1->1(3)
[2026-07-08T16:05:26.492+0530][4.469s][info][gc,heap     ] GC(2) Old regions: 3->3
[2026-07-08T16:05:26.492+0530][4.469s][info][gc,heap     ] GC(2) Humongous regions: 0->0
[2026-07-08T16:05:26.492+0530][4.469s][info][gc,metaspace] GC(2) Metaspace: 21301K(21504K)->21301K(21504K) NonClass: 19079K(19200K)->19079K(19200K) Class: 2221K(2304K)->2221K(2304K)
[2026-07-08T16:05:26.492+0530][4.469s][info][gc          ] GC(2) Pause Young (Concurrent Start) (Metadata GC Threshold) 20M->10M(508M) 1.669ms
[2026-07-08T16:05:26.492+0530][4.469s][info][gc,cpu      ] GC(2) User=0.00s Sys=0.00s Real=0.00s
[2026-07-08T16:05:26.492+0530][4.469s][info][gc          ] GC(3) Concurrent Mark Cycle
[2026-07-08T16:05:26.492+0530][4.469s][info][gc,marking  ] GC(3) Concurrent Scan Root Regions
[2026-07-08T16:05:26.493+0530][4.470s][info][gc,marking  ] GC(3) Concurrent Scan Root Regions 0.677ms
[2026-07-08T16:05:26.493+0530][4.470s][info][gc,marking  ] GC(3) Concurrent Mark
[2026-07-08T16:05:26.493+0530][4.470s][info][gc,marking  ] GC(3) Concurrent Mark From Roots
[2026-07-08T16:05:26.493+0530][4.470s][info][gc,task     ] GC(3) Using 3 workers of 3 for marking
[2026-07-08T16:05:26.496+0530][4.473s][info][gc,marking  ] GC(3) Concurrent Mark From Roots 3.151ms
[2026-07-08T16:05:26.496+0530][4.473s][info][gc,marking  ] GC(3) Concurrent Preclean
[2026-07-08T16:05:26.496+0530][4.473s][info][gc,marking  ] GC(3) Concurrent Preclean 0.032ms
[2026-07-08T16:05:26.496+0530][4.473s][info][gc,start    ] GC(3) Pause Remark
[2026-07-08T16:05:26.497+0530][4.474s][info][gc          ] GC(3) Pause Remark 12M->12M(68M) 1.324ms
[2026-07-08T16:05:26.497+0530][4.474s][info][gc,cpu      ] GC(3) User=0.00s Sys=0.00s Real=0.00s
[2026-07-08T16:05:26.497+0530][4.475s][info][gc,marking  ] GC(3) Concurrent Mark 4.832ms
[2026-07-08T16:05:26.497+0530][4.475s][info][gc,marking  ] GC(3) Concurrent Rebuild Remembered Sets and Scrub Regions
[2026-07-08T16:05:26.499+0530][4.476s][info][gc,marking  ] GC(3) Concurrent Rebuild Remembered Sets and Scrub Regions 1.193ms
[2026-07-08T16:05:26.499+0530][4.476s][info][gc,start    ] GC(3) Pause Cleanup
[2026-07-08T16:05:26.499+0530][4.476s][info][gc          ] GC(3) Pause Cleanup 12M->12M(68M) 0.119ms
[2026-07-08T16:05:26.499+0530][4.476s][info][gc,cpu      ] GC(3) User=0.00s Sys=0.00s Real=0.00s
[2026-07-08T16:05:26.499+0530][4.476s][info][gc,marking  ] GC(3) Concurrent Clear Claimed Marks
[2026-07-08T16:05:26.499+0530][4.476s][info][gc,marking  ] GC(3) Concurrent Clear Claimed Marks 0.024ms
[2026-07-08T16:05:26.499+0530][4.476s][info][gc,marking  ] GC(3) Concurrent Cleanup for Next Mark
[2026-07-08T16:05:26.499+0530][4.477s][info][gc,marking  ] GC(3) Concurrent Cleanup for Next Mark 0.351ms
[2026-07-08T16:05:26.500+0530][4.477s][info][gc          ] GC(3) Concurrent Mark Cycle 7.710ms
[2026-07-08T16:05:26.944+0530][4.921s][info][gc,start    ] GC(4) Pause Young (Prepare Mixed) (G1 Evacuation Pause)
[2026-07-08T16:05:26.944+0530][4.921s][info][gc,task     ] GC(4) Using 9 workers of 10 for evacuation
[2026-07-08T16:05:26.947+0530][4.924s][info][gc,phases   ] GC(4)   Pre Evacuate Collection Set: 0.2ms
[2026-07-08T16:05:26.947+0530][4.924s][info][gc,phases   ] GC(4)   Merge Heap Roots: 0.1ms
[2026-07-08T16:05:26.947+0530][4.924s][info][gc,phases   ] GC(4)   Evacuate Collection Set: 1.8ms
[2026-07-08T16:05:26.947+0530][4.924s][info][gc,phases   ] GC(4)   Post Evacuate Collection Set: 0.5ms
[2026-07-08T16:05:26.947+0530][4.924s][info][gc,phases   ] GC(4)   Other: 0.1ms
[2026-07-08T16:05:26.947+0530][4.924s][info][gc,heap     ] GC(4) Eden regions: 9->0(8)
[2026-07-08T16:05:26.947+0530][4.924s][info][gc,heap     ] GC(4) Survivor regions: 1->1(2)
[2026-07-08T16:05:26.947+0530][4.924s][info][gc,heap     ] GC(4) Old regions: 3->3
[2026-07-08T16:05:26.947+0530][4.924s][info][gc,heap     ] GC(4) Humongous regions: 0->0
[2026-07-08T16:05:26.947+0530][4.924s][info][gc,metaspace] GC(4) Metaspace: 28297K(28736K)->28297K(28736K) NonClass: 25100K(25344K)->25100K(25344K) Class: 3197K(3392K)->3197K(3392K)
[2026-07-08T16:05:26.947+0530][4.924s][info][gc          ] GC(4) Pause Young (Prepare Mixed) (G1 Evacuation Pause) 46M->12M(68M) 2.954ms
[2026-07-08T16:05:26.947+0530][4.924s][info][gc,cpu      ] GC(4) User=0.00s Sys=0.00s Real=0.00s
[2026-07-08T16:05:27.224+0530][5.200s][info][gc,start    ] GC(5) Pause Young (Mixed) (G1 Evacuation Pause)
[2026-07-08T16:05:27.224+0530][5.200s][info][gc,task     ] GC(5) Using 10 workers of 10 for evacuation
[2026-07-08T16:05:27.227+0530][5.204s][info][gc,phases   ] GC(5)   Pre Evacuate Collection Set: 0.2ms
[2026-07-08T16:05:27.227+0530][5.204s][info][gc,phases   ] GC(5)   Merge Heap Roots: 0.1ms
[2026-07-08T16:05:27.227+0530][5.204s][info][gc,phases   ] GC(5)   Evacuate Collection Set: 2.3ms
[2026-07-08T16:05:27.227+0530][5.204s][info][gc,phases   ] GC(5)   Post Evacuate Collection Set: 0.5ms
[2026-07-08T16:05:27.227+0530][5.204s][info][gc,phases   ] GC(5)   Other: 0.1ms
[2026-07-08T16:05:27.227+0530][5.204s][info][gc,heap     ] GC(5) Eden regions: 8->0(8)
[2026-07-08T16:05:27.227+0530][5.204s][info][gc,heap     ] GC(5) Survivor regions: 1->2(2)
[2026-07-08T16:05:27.227+0530][5.204s][info][gc,heap     ] GC(5) Old regions: 3->3
[2026-07-08T16:05:27.227+0530][5.204s][info][gc,heap     ] GC(5) Humongous regions: 0->0
[2026-07-08T16:05:27.227+0530][5.204s][info][gc,metaspace] GC(5) Metaspace: 34269K(34688K)->34269K(34688K) NonClass: 30351K(30592K)->30351K(30592K) Class: 3917K(4096K)->3917K(4096K)
[2026-07-08T16:05:27.227+0530][5.204s][info][gc          ] GC(5) Pause Young (Mixed) (G1 Evacuation Pause) 44M->14M(68M) 3.371ms
[2026-07-08T16:05:27.227+0530][5.204s][info][gc,cpu      ] GC(5) User=0.00s Sys=0.00s Real=0.00s
[2026-07-08T16:05:27.280+0530][5.256s][info][gc,start    ] GC(6) Pause Young (Concurrent Start) (Metadata GC Threshold)
[2026-07-08T16:05:27.280+0530][5.257s][info][gc,task     ] GC(6) Using 10 workers of 10 for evacuation
[2026-07-08T16:05:27.283+0530][5.260s][info][gc,phases   ] GC(6)   Pre Evacuate Collection Set: 0.2ms
[2026-07-08T16:05:27.283+0530][5.260s][info][gc,phases   ] GC(6)   Merge Heap Roots: 0.1ms
[2026-07-08T16:05:27.283+0530][5.260s][info][gc,phases   ] GC(6)   Evacuate Collection Set: 2.5ms
[2026-07-08T16:05:27.283+0530][5.260s][info][gc,phases   ] GC(6)   Post Evacuate Collection Set: 0.4ms
[2026-07-08T16:05:27.283+0530][5.260s][info][gc,phases   ] GC(6)   Other: 0.1ms
[2026-07-08T16:05:27.283+0530][5.260s][info][gc,heap     ] GC(6) Eden regions: 2->0(9)
[2026-07-08T16:05:27.283+0530][5.260s][info][gc,heap     ] GC(6) Survivor regions: 2->1(2)
[2026-07-08T16:05:27.283+0530][5.260s][info][gc,heap     ] GC(6) Old regions: 3->4
[2026-07-08T16:05:27.283+0530][5.260s][info][gc,heap     ] GC(6) Humongous regions: 0->0
[2026-07-08T16:05:27.283+0530][5.260s][info][gc,metaspace] GC(6) Metaspace: 35523K(35968K)->35523K(35968K) NonClass: 31477K(31680K)->31477K(31680K) Class: 4045K(4288K)->4045K(4288K)
[2026-07-08T16:05:27.283+0530][5.260s][info][gc          ] GC(6) Pause Young (Concurrent Start) (Metadata GC Threshold) 19M->14M(68M) 3.558ms
[2026-07-08T16:05:27.283+0530][5.260s][info][gc          ] GC(7) Concurrent Mark Cycle
[2026-07-08T16:05:27.283+0530][5.260s][info][gc,cpu      ] GC(6) User=0.00s Sys=0.00s Real=0.00s
[2026-07-08T16:05:27.283+0530][5.260s][info][gc,marking  ] GC(7) Concurrent Scan Root Regions
[2026-07-08T16:05:27.285+0530][5.262s][info][gc,marking  ] GC(7) Concurrent Scan Root Regions 1.847ms
[2026-07-08T16:05:27.285+0530][5.262s][info][gc,marking  ] GC(7) Concurrent Mark
[2026-07-08T16:05:27.285+0530][5.262s][info][gc,marking  ] GC(7) Concurrent Mark From Roots
[2026-07-08T16:05:27.285+0530][5.262s][info][gc,task     ] GC(7) Using 3 workers of 3 for marking
[2026-07-08T16:05:27.287+0530][5.264s][info][gc,marking  ] GC(7) Concurrent Mark From Roots 2.386ms
[2026-07-08T16:05:27.287+0530][5.264s][info][gc,marking  ] GC(7) Concurrent Preclean
[2026-07-08T16:05:27.288+0530][5.264s][info][gc,marking  ] GC(7) Concurrent Preclean 0.039ms
[2026-07-08T16:05:27.288+0530][5.265s][info][gc,start    ] GC(7) Pause Remark
[2026-07-08T16:05:27.289+0530][5.266s][info][gc          ] GC(7) Pause Remark 15M->15M(68M) 1.594ms
[2026-07-08T16:05:27.289+0530][5.266s][info][gc,cpu      ] GC(7) User=0.00s Sys=0.00s Real=0.00s
[2026-07-08T16:05:27.289+0530][5.266s][info][gc,marking  ] GC(7) Concurrent Mark 4.249ms
[2026-07-08T16:05:27.289+0530][5.266s][info][gc,marking  ] GC(7) Concurrent Rebuild Remembered Sets and Scrub Regions
[2026-07-08T16:05:27.291+0530][5.268s][info][gc,marking  ] GC(7) Concurrent Rebuild Remembered Sets and Scrub Regions 2.027ms
[2026-07-08T16:05:27.291+0530][5.268s][info][gc,start    ] GC(7) Pause Cleanup
[2026-07-08T16:05:27.292+0530][5.269s][info][gc          ] GC(7) Pause Cleanup 15M->15M(68M) 0.125ms
[2026-07-08T16:05:27.292+0530][5.269s][info][gc,cpu      ] GC(7) User=0.00s Sys=0.00s Real=0.00s
[2026-07-08T16:05:27.292+0530][5.269s][info][gc,marking  ] GC(7) Concurrent Clear Claimed Marks
[2026-07-08T16:05:27.292+0530][5.269s][info][gc,marking  ] GC(7) Concurrent Clear Claimed Marks 0.047ms
[2026-07-08T16:05:27.292+0530][5.269s][info][gc,marking  ] GC(7) Concurrent Cleanup for Next Mark
[2026-07-08T16:05:27.292+0530][5.269s][info][gc,marking  ] GC(7) Concurrent Cleanup for Next Mark 0.097ms
[2026-07-08T16:05:27.292+0530][5.269s][info][gc          ] GC(7) Concurrent Mark Cycle 8.757ms
[2026-07-08T16:05:27.546+0530][5.522s][info][gc,start    ] GC(8) Pause Young (Normal) (G1 Evacuation Pause)
[2026-07-08T16:05:27.546+0530][5.522s][info][gc,task     ] GC(8) Using 9 workers of 10 for evacuation
[2026-07-08T16:05:27.548+0530][5.524s][info][gc,phases   ] GC(8)   Pre Evacuate Collection Set: 0.1ms
[2026-07-08T16:05:27.548+0530][5.524s][info][gc,phases   ] GC(8)   Merge Heap Roots: 0.0ms
[2026-07-08T16:05:27.548+0530][5.524s][info][gc,phases   ] GC(8)   Evacuate Collection Set: 1.3ms
[2026-07-08T16:05:27.548+0530][5.524s][info][gc,phases   ] GC(8)   Post Evacuate Collection Set: 0.2ms
[2026-07-08T16:05:27.548+0530][5.524s][info][gc,phases   ] GC(8)   Other: 0.0ms
[2026-07-08T16:05:27.548+0530][5.524s][info][gc,heap     ] GC(8) Eden regions: 9->0(8)
[2026-07-08T16:05:27.548+0530][5.524s][info][gc,heap     ] GC(8) Survivor regions: 1->2(2)
[2026-07-08T16:05:27.548+0530][5.524s][info][gc,heap     ] GC(8) Old regions: 4->4
[2026-07-08T16:05:27.548+0530][5.524s][info][gc,heap     ] GC(8) Humongous regions: 0->0
[2026-07-08T16:05:27.548+0530][5.524s][info][gc,metaspace] GC(8) Metaspace: 39692K(40192K)->39692K(40192K) NonClass: 35047K(35328K)->35047K(35328K) Class: 4645K(4864K)->4645K(4864K)
[2026-07-08T16:05:27.548+0530][5.524s][info][gc          ] GC(8) Pause Young (Normal) (G1 Evacuation Pause) 50M->17M(68M) 1.825ms
[2026-07-08T16:05:27.548+0530][5.524s][info][gc,cpu      ] GC(8) User=0.00s Sys=0.00s Real=0.00s
[2026-07-08T16:05:27.810+0530][5.786s][info][gc,start    ] GC(9) Pause Young (Normal) (G1 Evacuation Pause)
[2026-07-08T16:05:27.810+0530][5.786s][info][gc,task     ] GC(9) Using 7 workers of 10 for evacuation
[2026-07-08T16:05:27.812+0530][5.788s][info][gc,phases   ] GC(9)   Pre Evacuate Collection Set: 0.1ms
[2026-07-08T16:05:27.812+0530][5.788s][info][gc,phases   ] GC(9)   Merge Heap Roots: 0.1ms
[2026-07-08T16:05:27.812+0530][5.788s][info][gc,phases   ] GC(9)   Evacuate Collection Set: 2.0ms
[2026-07-08T16:05:27.812+0530][5.788s][info][gc,phases   ] GC(9)   Post Evacuate Collection Set: 0.3ms
[2026-07-08T16:05:27.812+0530][5.788s][info][gc,phases   ] GC(9)   Other: 0.0ms
[2026-07-08T16:05:27.812+0530][5.788s][info][gc,heap     ] GC(9) Eden regions: 8->0(8)
[2026-07-08T16:05:27.812+0530][5.788s][info][gc,heap     ] GC(9) Survivor regions: 2->2(2)
[2026-07-08T16:05:27.812+0530][5.788s][info][gc,heap     ] GC(9) Old regions: 4->4
[2026-07-08T16:05:27.812+0530][5.788s][info][gc,heap     ] GC(9) Humongous regions: 0->0
[2026-07-08T16:05:27.812+0530][5.788s][info][gc,metaspace] GC(9) Metaspace: 42761K(43264K)->42761K(43264K) NonClass: 37654K(37952K)->37654K(37952K) Class: 5106K(5312K)->5106K(5312K)
[2026-07-08T16:05:27.812+0530][5.788s][info][gc          ] GC(9) Pause Young (Normal) (G1 Evacuation Pause) 49M->18M(68M) 2.674ms
[2026-07-08T16:05:27.812+0530][5.788s][info][gc,cpu      ] GC(9) User=0.05s Sys=0.06s Real=0.00s
[2026-07-08T16:05:28.254+0530][6.231s][info][gc,start    ] GC(10) Pause Young (Normal) (G1 Evacuation Pause)
[2026-07-08T16:05:28.255+0530][6.231s][info][gc,task     ] GC(10) Using 6 workers of 10 for evacuation
[2026-07-08T16:05:28.258+0530][6.234s][info][gc,phases   ] GC(10)   Pre Evacuate Collection Set: 0.1ms
[2026-07-08T16:05:28.258+0530][6.234s][info][gc,phases   ] GC(10)   Merge Heap Roots: 0.1ms
[2026-07-08T16:05:28.258+0530][6.234s][info][gc,phases   ] GC(10)   Evacuate Collection Set: 2.5ms
[2026-07-08T16:05:28.258+0530][6.234s][info][gc,phases   ] GC(10)   Post Evacuate Collection Set: 0.3ms
[2026-07-08T16:05:28.258+0530][6.234s][info][gc,phases   ] GC(10)   Other: 0.1ms
[2026-07-08T16:05:28.258+0530][6.234s][info][gc,heap     ] GC(10) Eden regions: 8->0(7)
[2026-07-08T16:05:28.258+0530][6.234s][info][gc,heap     ] GC(10) Survivor regions: 2->2(2)
[2026-07-08T16:05:28.258+0530][6.234s][info][gc,heap     ] GC(10) Old regions: 4->5
[2026-07-08T16:05:28.258+0530][6.234s][info][gc,heap     ] GC(10) Humongous regions: 0->0
[2026-07-08T16:05:28.258+0530][6.234s][info][gc,metaspace] GC(10) Metaspace: 46475K(46976K)->46475K(46976K) NonClass: 40838K(41152K)->40838K(41152K) Class: 5637K(5824K)->5637K(5824K)
[2026-07-08T16:05:28.258+0530][6.234s][info][gc          ] GC(10) Pause Young (Normal) (G1 Evacuation Pause) 50M->20M(68M) 3.175ms
[2026-07-08T16:05:28.258+0530][6.234s][info][gc,cpu      ] GC(10) User=0.00s Sys=0.00s Real=0.00s
[2026-07-08T16:05:28.721+0530][6.698s][info][gc,start    ] GC(11) Pause Young (Normal) (G1 Evacuation Pause)
[2026-07-08T16:05:28.721+0530][6.698s][info][gc,task     ] GC(11) Using 6 workers of 10 for evacuation
[2026-07-08T16:05:28.724+0530][6.701s][info][gc,phases   ] GC(11)   Pre Evacuate Collection Set: 0.2ms
[2026-07-08T16:05:28.724+0530][6.701s][info][gc,phases   ] GC(11)   Merge Heap Roots: 0.1ms
[2026-07-08T16:05:28.724+0530][6.701s][info][gc,phases   ] GC(11)   Evacuate Collection Set: 2.5ms
[2026-07-08T16:05:28.724+0530][6.701s][info][gc,phases   ] GC(11)   Post Evacuate Collection Set: 0.6ms
[2026-07-08T16:05:28.724+0530][6.701s][info][gc,phases   ] GC(11)   Other: 0.1ms
[2026-07-08T16:05:28.724+0530][6.701s][info][gc,heap     ] GC(11) Eden regions: 7->0(7)
[2026-07-08T16:05:28.724+0530][6.701s][info][gc,heap     ] GC(11) Survivor regions: 2->2(2)
[2026-07-08T16:05:28.724+0530][6.701s][info][gc,heap     ] GC(11) Old regions: 5->5
[2026-07-08T16:05:28.724+0530][6.701s][info][gc,heap     ] GC(11) Humongous regions: 0->0
[2026-07-08T16:05:28.724+0530][6.701s][info][gc,metaspace] GC(11) Metaspace: 50408K(50944K)->50408K(50944K) NonClass: 44188K(44480K)->44188K(44480K) Class: 6219K(6464K)->6219K(6464K)
[2026-07-08T16:05:28.724+0530][6.702s][info][gc          ] GC(11) Pause Young (Normal) (G1 Evacuation Pause) 48M->23M(68M) 3.615ms
[2026-07-08T16:05:28.724+0530][6.702s][info][gc,cpu      ] GC(11) User=0.00s Sys=0.00s Real=0.00s
[2026-07-08T16:05:29.032+0530][7.008s][info][gc,start    ] GC(12) Pause Young (Normal) (G1 Evacuation Pause)
[2026-07-08T16:05:29.032+0530][7.008s][info][gc,task     ] GC(12) Using 10 workers of 10 for evacuation
[2026-07-08T16:05:29.036+0530][7.012s][info][gc,phases   ] GC(12)   Pre Evacuate Collection Set: 0.1ms
[2026-07-08T16:05:29.036+0530][7.012s][info][gc,phases   ] GC(12)   Merge Heap Roots: 0.1ms
[2026-07-08T16:05:29.036+0530][7.012s][info][gc,phases   ] GC(12)   Evacuate Collection Set: 3.3ms
[2026-07-08T16:05:29.036+0530][7.012s][info][gc,phases   ] GC(12)   Post Evacuate Collection Set: 0.3ms
[2026-07-08T16:05:29.036+0530][7.012s][info][gc,phases   ] GC(12)   Other: 0.0ms
[2026-07-08T16:05:29.036+0530][7.012s][info][gc,heap     ] GC(12) Eden regions: 7->0(6)
[2026-07-08T16:05:29.036+0530][7.012s][info][gc,heap     ] GC(12) Survivor regions: 2->2(2)
[2026-07-08T16:05:29.036+0530][7.012s][info][gc,heap     ] GC(12) Old regions: 5->6
[2026-07-08T16:05:29.036+0530][7.012s][info][gc,heap     ] GC(12) Humongous regions: 0->0
[2026-07-08T16:05:29.036+0530][7.012s][info][gc,metaspace] GC(12) Metaspace: 53218K(53824K)->53218K(53824K) NonClass: 46598K(46976K)->46598K(46976K) Class: 6619K(6848K)->6619K(6848K)
[2026-07-08T16:05:29.036+0530][7.012s][info][gc          ] GC(12) Pause Young (Normal) (G1 Evacuation Pause) 51M->25M(68M) 4.012ms
[2026-07-08T16:05:29.036+0530][7.012s][info][gc,cpu      ] GC(12) User=0.00s Sys=0.00s Real=0.00s
[2026-07-08T16:05:29.394+0530][7.371s][info][gc,start    ] GC(13) Pause Young (Normal) (G1 Evacuation Pause)
[2026-07-08T16:05:29.394+0530][7.371s][info][gc,task     ] GC(13) Using 10 workers of 10 for evacuation
[2026-07-08T16:05:29.400+0530][7.376s][info][gc,phases   ] GC(13)   Pre Evacuate Collection Set: 0.1ms
[2026-07-08T16:05:29.400+0530][7.376s][info][gc,phases   ] GC(13)   Merge Heap Roots: 0.1ms
[2026-07-08T16:05:29.400+0530][7.376s][info][gc,phases   ] GC(13)   Evacuate Collection Set: 3.7ms
[2026-07-08T16:05:29.400+0530][7.376s][info][gc,phases   ] GC(13)   Post Evacuate Collection Set: 0.9ms
[2026-07-08T16:05:29.400+0530][7.376s][info][gc,phases   ] GC(13)   Other: 0.1ms
[2026-07-08T16:05:29.400+0530][7.376s][info][gc,heap     ] GC(13) Eden regions: 6->0(42)
[2026-07-08T16:05:29.400+0530][7.376s][info][gc,heap     ] GC(13) Survivor regions: 2->1(1)
[2026-07-08T16:05:29.400+0530][7.376s][info][gc,heap     ] GC(13) Old regions: 6->6
[2026-07-08T16:05:29.400+0530][7.376s][info][gc,heap     ] GC(13) Humongous regions: 0->0
[2026-07-08T16:05:29.400+0530][7.376s][info][gc,metaspace] GC(13) Metaspace: 57744K(58368K)->57744K(58368K) NonClass: 50305K(50688K)->50305K(50688K) Class: 7439K(7680K)->7439K(7680K)
[2026-07-08T16:05:29.400+0530][7.376s][info][gc          ] GC(13) Pause Young (Normal) (G1 Evacuation Pause) 49M->27M(288M) 5.018ms
[2026-07-08T16:05:29.400+0530][7.376s][info][gc,cpu      ] GC(13) User=0.00s Sys=0.00s Real=0.01s
[2026-07-08T16:05:29.515+0530][7.492s][info][gc,start    ] GC(14) Pause Young (Concurrent Start) (Metadata GC Threshold)
[2026-07-08T16:05:29.515+0530][7.492s][info][gc,task     ] GC(14) Using 10 workers of 10 for evacuation
[2026-07-08T16:05:29.518+0530][7.494s][info][gc,phases   ] GC(14)   Pre Evacuate Collection Set: 0.4ms
[2026-07-08T16:05:29.518+0530][7.495s][info][gc,phases   ] GC(14)   Merge Heap Roots: 0.0ms
[2026-07-08T16:05:29.518+0530][7.495s][info][gc,phases   ] GC(14)   Evacuate Collection Set: 1.7ms
[2026-07-08T16:05:29.518+0530][7.495s][info][gc,phases   ] GC(14)   Post Evacuate Collection Set: 0.3ms
[2026-07-08T16:05:29.518+0530][7.495s][info][gc,phases   ] GC(14)   Other: 0.1ms
[2026-07-08T16:05:29.518+0530][7.495s][info][gc,heap     ] GC(14) Eden regions: 3->0(42)
[2026-07-08T16:05:29.518+0530][7.495s][info][gc,heap     ] GC(14) Survivor regions: 1->1(6)
[2026-07-08T16:05:29.518+0530][7.495s][info][gc,heap     ] GC(14) Old regions: 6->6
[2026-07-08T16:05:29.518+0530][7.495s][info][gc,heap     ] GC(14) Humongous regions: 0->0
[2026-07-08T16:05:29.518+0530][7.495s][info][gc,metaspace] GC(14) Metaspace: 59466K(60096K)->59466K(60096K) NonClass: 51749K(52096K)->51749K(52096K) Class: 7716K(8000K)->7716K(8000K)
[2026-07-08T16:05:29.518+0530][7.495s][info][gc          ] GC(14) Pause Young (Concurrent Start) (Metadata GC Threshold) 39M->27M(288M) 2.580ms
[2026-07-08T16:05:29.518+0530][7.495s][info][gc          ] GC(15) Concurrent Mark Cycle
[2026-07-08T16:05:29.518+0530][7.495s][info][gc,cpu      ] GC(14) User=0.00s Sys=0.00s Real=0.00s
[2026-07-08T16:05:29.518+0530][7.495s][info][gc,marking  ] GC(15) Concurrent Scan Root Regions
[2026-07-08T16:05:29.520+0530][7.497s][info][gc,marking  ] GC(15) Concurrent Scan Root Regions 2.321ms
[2026-07-08T16:05:29.520+0530][7.497s][info][gc,marking  ] GC(15) Concurrent Mark
[2026-07-08T16:05:29.520+0530][7.497s][info][gc,marking  ] GC(15) Concurrent Mark From Roots
[2026-07-08T16:05:29.520+0530][7.497s][info][gc,task     ] GC(15) Using 3 workers of 3 for marking
[2026-07-08T16:05:29.529+0530][7.506s][info][gc,marking  ] GC(15) Concurrent Mark From Roots 8.573ms
[2026-07-08T16:05:29.529+0530][7.506s][info][gc,marking  ] GC(15) Concurrent Preclean
[2026-07-08T16:05:29.529+0530][7.506s][info][gc,marking  ] GC(15) Concurrent Preclean 0.078ms
[2026-07-08T16:05:29.529+0530][7.506s][info][gc,start    ] GC(15) Pause Remark
[2026-07-08T16:05:29.532+0530][7.508s][info][gc          ] GC(15) Pause Remark 30M->30M(108M) 2.693ms
[2026-07-08T16:05:29.532+0530][7.508s][info][gc,cpu      ] GC(15) User=0.00s Sys=0.00s Real=0.00s
[2026-07-08T16:05:29.532+0530][7.509s][info][gc,marking  ] GC(15) Concurrent Mark 11.541ms
[2026-07-08T16:05:29.532+0530][7.509s][info][gc,marking  ] GC(15) Concurrent Rebuild Remembered Sets and Scrub Regions
[2026-07-08T16:05:29.535+0530][7.512s][info][gc,marking  ] GC(15) Concurrent Rebuild Remembered Sets and Scrub Regions 3.475ms
[2026-07-08T16:05:29.535+0530][7.512s][info][gc,start    ] GC(15) Pause Cleanup
[2026-07-08T16:05:29.535+0530][7.512s][info][gc          ] GC(15) Pause Cleanup 30M->30M(108M) 0.101ms
[2026-07-08T16:05:29.536+0530][7.512s][info][gc,cpu      ] GC(15) User=0.00s Sys=0.00s Real=0.00s
[2026-07-08T16:05:29.536+0530][7.512s][info][gc,marking  ] GC(15) Concurrent Clear Claimed Marks
[2026-07-08T16:05:29.536+0530][7.512s][info][gc,marking  ] GC(15) Concurrent Clear Claimed Marks 0.045ms
[2026-07-08T16:05:29.536+0530][7.512s][info][gc,marking  ] GC(15) Concurrent Cleanup for Next Mark
[2026-07-08T16:05:29.536+0530][7.513s][info][gc,marking  ] GC(15) Concurrent Cleanup for Next Mark 0.200ms
[2026-07-08T16:05:29.536+0530][7.513s][info][gc          ] GC(15) Concurrent Mark Cycle 17.930ms
[2026-07-08T16:05:30.586+0530][8.562s][info][gc,start    ] GC(16) Pause Young (Prepare Mixed) (G1 Evacuation Pause)
[2026-07-08T16:05:30.586+0530][8.562s][info][gc,task     ] GC(16) Using 10 workers of 10 for evacuation
[2026-07-08T16:05:30.589+0530][8.566s][info][gc,phases   ] GC(16)   Pre Evacuate Collection Set: 0.1ms
[2026-07-08T16:05:30.589+0530][8.566s][info][gc,phases   ] GC(16)   Merge Heap Roots: 0.1ms
[2026-07-08T16:05:30.589+0530][8.566s][info][gc,phases   ] GC(16)   Evacuate Collection Set: 3.0ms
[2026-07-08T16:05:30.589+0530][8.566s][info][gc,phases   ] GC(16)   Post Evacuate Collection Set: 0.4ms
[2026-07-08T16:05:30.589+0530][8.566s][info][gc,phases   ] GC(16)   Other: 0.0ms
[2026-07-08T16:05:30.589+0530][8.566s][info][gc,heap     ] GC(16) Eden regions: 15->0(14)
[2026-07-08T16:05:30.589+0530][8.566s][info][gc,heap     ] GC(16) Survivor regions: 1->2(2)
[2026-07-08T16:05:30.589+0530][8.566s][info][gc,heap     ] GC(16) Old regions: 6->6
[2026-07-08T16:05:30.589+0530][8.566s][info][gc,heap     ] GC(16) Humongous regions: 0->0
[2026-07-08T16:05:30.589+0530][8.566s][info][gc,metaspace] GC(16) Metaspace: 76357K(77056K)->76357K(77056K) NonClass: 66541K(66944K)->66541K(66944K) Class: 9816K(10112K)->9816K(10112K)
[2026-07-08T16:05:30.589+0530][8.566s][info][gc          ] GC(16) Pause Young (Prepare Mixed) (G1 Evacuation Pause) 87M->31M(108M) 3.731ms
[2026-07-08T16:05:30.589+0530][8.566s][info][gc,cpu      ] GC(16) User=0.00s Sys=0.00s Real=0.00s
[2026-07-08T16:05:31.351+0530][9.327s][info][gc,start    ] GC(17) Pause Young (Mixed) (G1 Evacuation Pause)
[2026-07-08T16:05:31.351+0530][9.327s][info][gc,task     ] GC(17) Using 10 workers of 10 for evacuation
[2026-07-08T16:05:31.355+0530][9.332s][info][gc,phases   ] GC(17)   Pre Evacuate Collection Set: 0.1ms
[2026-07-08T16:05:31.355+0530][9.332s][info][gc,phases   ] GC(17)   Merge Heap Roots: 0.1ms
[2026-07-08T16:05:31.355+0530][9.332s][info][gc,phases   ] GC(17)   Evacuate Collection Set: 4.2ms
[2026-07-08T16:05:31.355+0530][9.332s][info][gc,phases   ] GC(17)   Post Evacuate Collection Set: 0.5ms
[2026-07-08T16:05:31.355+0530][9.332s][info][gc,phases   ] GC(17)   Other: 0.1ms
[2026-07-08T16:05:31.355+0530][9.332s][info][gc,heap     ] GC(17) Eden regions: 14->0(14)
[2026-07-08T16:05:31.355+0530][9.332s][info][gc,heap     ] GC(17) Survivor regions: 2->2(2)
[2026-07-08T16:05:31.355+0530][9.332s][info][gc,heap     ] GC(17) Old regions: 6->7
[2026-07-08T16:05:31.355+0530][9.332s][info][gc,heap     ] GC(17) Humongous regions: 0->0
[2026-07-08T16:05:31.355+0530][9.332s][info][gc,metaspace] GC(17) Metaspace: 88448K(89216K)->88448K(89216K) NonClass: 76857K(77312K)->76857K(77312K) Class: 11590K(11904K)->11590K(11904K)
[2026-07-08T16:05:31.355+0530][9.332s][info][gc          ] GC(17) Pause Young (Mixed) (G1 Evacuation Pause) 87M->34M(108M) 5.061ms
[2026-07-08T16:05:31.355+0530][9.332s][info][gc,cpu      ] GC(17) User=0.00s Sys=0.00s Real=0.00s
[2026-07-08T16:05:32.010+0530][9.987s][info][gc,start    ] GC(18) Pause Young (Normal) (G1 Evacuation Pause)
[2026-07-08T16:05:32.010+0530][9.987s][info][gc,task     ] GC(18) Using 10 workers of 10 for evacuation
[2026-07-08T16:05:32.015+0530][9.992s][info][gc,phases   ] GC(18)   Pre Evacuate Collection Set: 0.1ms
[2026-07-08T16:05:32.015+0530][9.992s][info][gc,phases   ] GC(18)   Merge Heap Roots: 0.1ms
[2026-07-08T16:05:32.015+0530][9.992s][info][gc,phases   ] GC(18)   Evacuate Collection Set: 4.6ms
[2026-07-08T16:05:32.015+0530][9.992s][info][gc,phases   ] GC(18)   Post Evacuate Collection Set: 0.5ms
[2026-07-08T16:05:32.015+0530][9.992s][info][gc,phases   ] GC(18)   Other: 0.0ms
[2026-07-08T16:05:32.015+0530][9.992s][info][gc,heap     ] GC(18) Eden regions: 14->0(13)
[2026-07-08T16:05:32.015+0530][9.992s][info][gc,heap     ] GC(18) Survivor regions: 2->2(2)
[2026-07-08T16:05:32.015+0530][9.992s][info][gc,heap     ] GC(18) Old regions: 7->8
[2026-07-08T16:05:32.015+0530][9.992s][info][gc,heap     ] GC(18) Humongous regions: 0->0
[2026-07-08T16:05:32.015+0530][9.992s][info][gc,metaspace] GC(18) Metaspace: 93700K(94528K)->93700K(94528K) NonClass: 81325K(81792K)->81325K(81792K) Class: 12375K(12736K)->12375K(12736K)
[2026-07-08T16:05:32.015+0530][9.992s][info][gc          ] GC(18) Pause Young (Normal) (G1 Evacuation Pause) 90M->37M(108M) 5.491ms
[2026-07-08T16:05:32.015+0530][9.992s][info][gc,cpu      ] GC(18) User=0.08s Sys=0.00s Real=0.01s
[2026-07-08T16:18:50.395+0530][808.372s][info][gc,start    ] GC(19) Pause Young (Normal) (G1 Evacuation Pause)
[2026-07-08T16:18:50.395+0530][808.372s][info][gc,task     ] GC(19) Using 9 workers of 10 for evacuation
[2026-07-08T16:18:50.404+0530][808.381s][info][gc,phases   ] GC(19)   Pre Evacuate Collection Set: 0.3ms
[2026-07-08T16:18:50.404+0530][808.381s][info][gc,phases   ] GC(19)   Merge Heap Roots: 0.1ms
[2026-07-08T16:18:50.404+0530][808.381s][info][gc,phases   ] GC(19)   Evacuate Collection Set: 8.0ms
[2026-07-08T16:18:50.404+0530][808.381s][info][gc,phases   ] GC(19)   Post Evacuate Collection Set: 0.6ms
[2026-07-08T16:18:50.404+0530][808.381s][info][gc,phases   ] GC(19)   Other: 0.1ms
[2026-07-08T16:18:50.404+0530][808.381s][info][gc,heap     ] GC(19) Eden regions: 13->0(13)
[2026-07-08T16:18:50.404+0530][808.381s][info][gc,heap     ] GC(19) Survivor regions: 2->1(2)
[2026-07-08T16:18:50.404+0530][808.381s][info][gc,heap     ] GC(19) Old regions: 8->10
[2026-07-08T16:18:50.404+0530][808.381s][info][gc,heap     ] GC(19) Humongous regions: 0->0
[2026-07-08T16:18:50.404+0530][808.381s][info][gc,metaspace] GC(19) Metaspace: 95592K(96640K)->95592K(96640K) NonClass: 82914K(83456K)->82914K(83456K) Class: 12678K(13184K)->12678K(13184K)
[2026-07-08T16:18:50.404+0530][808.381s][info][gc          ] GC(19) Pause Young (Normal) (G1 Evacuation Pause) 89M->39M(108M) 9.292ms
[2026-07-08T16:18:50.404+0530][808.381s][info][gc,cpu      ] GC(19) User=0.00s Sys=0.00s Real=0.01s
[2026-07-08T16:22:54.413+0530][1052.390s][info][gc,start    ] GC(20) Pause Young (Normal) (G1 Evacuation Pause)
[2026-07-08T16:22:54.413+0530][1052.390s][info][gc,task     ] GC(20) Using 8 workers of 10 for evacuation
[2026-07-08T16:22:54.421+0530][1052.398s][info][gc,phases   ] GC(20)   Pre Evacuate Collection Set: 0.2ms
[2026-07-08T16:22:54.421+0530][1052.398s][info][gc,phases   ] GC(20)   Merge Heap Roots: 0.2ms
[2026-07-08T16:22:54.421+0530][1052.398s][info][gc,phases   ] GC(20)   Evacuate Collection Set: 6.6ms
[2026-07-08T16:22:54.421+0530][1052.398s][info][gc,phases   ] GC(20)   Post Evacuate Collection Set: 1.0ms
[2026-07-08T16:22:54.421+0530][1052.398s][info][gc,phases   ] GC(20)   Other: 0.1ms
[2026-07-08T16:22:54.421+0530][1052.398s][info][gc,heap     ] GC(20) Eden regions: 13->0(13)
[2026-07-08T16:22:54.421+0530][1052.398s][info][gc,heap     ] GC(20) Survivor regions: 1->1(2)
[2026-07-08T16:22:54.421+0530][1052.398s][info][gc,heap     ] GC(20) Old regions: 10->10
[2026-07-08T16:22:54.421+0530][1052.398s][info][gc,heap     ] GC(20) Humongous regions: 0->0
[2026-07-08T16:22:54.421+0530][1052.398s][info][gc,metaspace] GC(20) Metaspace: 95653K(96704K)->95653K(96704K) NonClass: 82962K(83520K)->82962K(83520K) Class: 12690K(13184K)->12690K(13184K)
[2026-07-08T16:22:54.421+0530][1052.398s][info][gc          ] GC(20) Pause Young (Normal) (G1 Evacuation Pause) 91M->38M(108M) 8.507ms
[2026-07-08T16:22:54.421+0530][1052.398s][info][gc,cpu      ] GC(20) User=0.00s Sys=0.02s Real=0.01s
[2026-07-08T16:26:57.595+0530][1295.572s][info][gc,start    ] GC(21) Pause Young (Normal) (G1 Evacuation Pause)
[2026-07-08T16:26:57.595+0530][1295.572s][info][gc,task     ] GC(21) Using 8 workers of 10 for evacuation
[2026-07-08T16:26:57.597+0530][1295.574s][info][gc,phases   ] GC(21)   Pre Evacuate Collection Set: 0.2ms
[2026-07-08T16:26:57.597+0530][1295.574s][info][gc,phases   ] GC(21)   Merge Heap Roots: 0.1ms
[2026-07-08T16:26:57.597+0530][1295.574s][info][gc,phases   ] GC(21)   Evacuate Collection Set: 1.1ms
[2026-07-08T16:26:57.597+0530][1295.574s][info][gc,phases   ] GC(21)   Post Evacuate Collection Set: 0.5ms
[2026-07-08T16:26:57.597+0530][1295.574s][info][gc,phases   ] GC(21)   Other: 0.1ms
[2026-07-08T16:26:57.597+0530][1295.574s][info][gc,heap     ] GC(21) Eden regions: 13->0(13)
[2026-07-08T16:26:57.597+0530][1295.574s][info][gc,heap     ] GC(21) Survivor regions: 1->1(2)
[2026-07-08T16:26:57.597+0530][1295.574s][info][gc,heap     ] GC(21) Old regions: 10->10
[2026-07-08T16:26:57.598+0530][1295.574s][info][gc,heap     ] GC(21) Humongous regions: 0->0
[2026-07-08T16:26:57.598+0530][1295.574s][info][gc,metaspace] GC(21) Metaspace: 95654K(96704K)->95654K(96704K) NonClass: 82963K(83520K)->82963K(83520K) Class: 12690K(13184K)->12690K(13184K)
[2026-07-08T16:26:57.598+0530][1295.574s][info][gc          ] GC(21) Pause Young (Normal) (G1 Evacuation Pause) 90M->38M(108M) 2.309ms
[2026-07-08T16:26:57.598+0530][1295.574s][info][gc,cpu      ] GC(21) User=0.00s Sys=0.00s Real=0.00s
[2026-07-08T16:31:12.012+0530][1549.989s][info][gc,start    ] GC(22) Pause Young (Normal) (G1 Evacuation Pause)
[2026-07-08T16:31:12.012+0530][1549.989s][info][gc,task     ] GC(22) Using 8 workers of 10 for evacuation
[2026-07-08T16:31:12.018+0530][1549.995s][info][gc,phases   ] GC(22)   Pre Evacuate Collection Set: 0.2ms
[2026-07-08T16:31:12.018+0530][1549.995s][info][gc,phases   ] GC(22)   Merge Heap Roots: 0.1ms
[2026-07-08T16:31:12.018+0530][1549.995s][info][gc,phases   ] GC(22)   Evacuate Collection Set: 4.1ms
[2026-07-08T16:31:12.018+0530][1549.995s][info][gc,phases   ] GC(22)   Post Evacuate Collection Set: 1.0ms
[2026-07-08T16:31:12.018+0530][1549.995s][info][gc,phases   ] GC(22)   Other: 0.1ms
[2026-07-08T16:31:12.018+0530][1549.995s][info][gc,heap     ] GC(22) Eden regions: 13->0(13)
[2026-07-08T16:31:12.018+0530][1549.995s][info][gc,heap     ] GC(22) Survivor regions: 1->1(2)
[2026-07-08T16:31:12.018+0530][1549.995s][info][gc,heap     ] GC(22) Old regions: 10->10
[2026-07-08T16:31:12.018+0530][1549.995s][info][gc,heap     ] GC(22) Humongous regions: 0->0
[2026-07-08T16:31:12.018+0530][1549.995s][info][gc,metaspace] GC(22) Metaspace: 95664K(96704K)->95664K(96704K) NonClass: 82971K(83520K)->82971K(83520K) Class: 12692K(13184K)->12692K(13184K)
[2026-07-08T16:31:12.018+0530][1549.995s][info][gc          ] GC(22) Pause Young (Normal) (G1 Evacuation Pause) 90M->38M(108M) 6.072ms
[2026-07-08T16:31:12.018+0530][1549.995s][info][gc,cpu      ] GC(22) User=0.02s Sys=0.02s Real=0.01s
[2026-07-08T16:35:21.754+0530][1799.731s][info][gc,start    ] GC(23) Pause Young (Normal) (G1 Evacuation Pause)
[2026-07-08T16:35:21.754+0530][1799.731s][info][gc,task     ] GC(23) Using 8 workers of 10 for evacuation
[2026-07-08T16:35:21.759+0530][1799.736s][info][gc,phases   ] GC(23)   Pre Evacuate Collection Set: 0.2ms
[2026-07-08T16:35:21.759+0530][1799.736s][info][gc,phases   ] GC(23)   Merge Heap Roots: 0.2ms
[2026-07-08T16:35:21.759+0530][1799.736s][info][gc,phases   ] GC(23)   Evacuate Collection Set: 3.8ms
[2026-07-08T16:35:21.759+0530][1799.736s][info][gc,phases   ] GC(23)   Post Evacuate Collection Set: 0.8ms
[2026-07-08T16:35:21.759+0530][1799.736s][info][gc,phases   ] GC(23)   Other: 0.1ms
[2026-07-08T16:35:21.759+0530][1799.736s][info][gc,heap     ] GC(23) Eden regions: 13->0(13)
[2026-07-08T16:35:21.759+0530][1799.736s][info][gc,heap     ] GC(23) Survivor regions: 1->1(2)
[2026-07-08T16:35:21.759+0530][1799.736s][info][gc,heap     ] GC(23) Old regions: 10->10
[2026-07-08T16:35:21.759+0530][1799.736s][info][gc,heap     ] GC(23) Humongous regions: 0->0
[2026-07-08T16:35:21.759+0530][1799.736s][info][gc,metaspace] GC(23) Metaspace: 95664K(96704K)->95664K(96704K) NonClass: 82971K(83520K)->82971K(83520K) Class: 12692K(13184K)->12692K(13184K)
[2026-07-08T16:35:21.759+0530][1799.737s][info][gc          ] GC(23) Pause Young (Normal) (G1 Evacuation Pause) 90M->38M(108M) 5.486ms
[2026-07-08T16:35:21.759+0530][1799.737s][info][gc,cpu      ] GC(23) User=0.00s Sys=0.00s Real=0.01s
[2026-07-08T16:39:36.503+0530][2054.479s][info][gc,start    ] GC(24) Pause Young (Normal) (G1 Evacuation Pause)
[2026-07-08T16:39:36.503+0530][2054.479s][info][gc,task     ] GC(24) Using 8 workers of 10 for evacuation
[2026-07-08T16:39:36.513+0530][2054.490s][info][gc,phases   ] GC(24)   Pre Evacuate Collection Set: 0.9ms
[2026-07-08T16:39:36.513+0530][2054.490s][info][gc,phases   ] GC(24)   Merge Heap Roots: 0.2ms
[2026-07-08T16:39:36.513+0530][2054.490s][info][gc,phases   ] GC(24)   Evacuate Collection Set: 7.8ms
[2026-07-08T16:39:36.513+0530][2054.490s][info][gc,phases   ] GC(24)   Post Evacuate Collection Set: 1.4ms
[2026-07-08T16:39:36.513+0530][2054.490s][info][gc,phases   ] GC(24)   Other: 0.3ms
[2026-07-08T16:39:36.513+0530][2054.490s][info][gc,heap     ] GC(24) Eden regions: 13->0(13)
[2026-07-08T16:39:36.513+0530][2054.490s][info][gc,heap     ] GC(24) Survivor regions: 1->1(2)
[2026-07-08T16:39:36.513+0530][2054.490s][info][gc,heap     ] GC(24) Old regions: 10->10
[2026-07-08T16:39:36.513+0530][2054.490s][info][gc,heap     ] GC(24) Humongous regions: 0->0
[2026-07-08T16:39:36.514+0530][2054.490s][info][gc,metaspace] GC(24) Metaspace: 95668K(96704K)->95668K(96704K) NonClass: 82974K(83520K)->82974K(83520K) Class: 12693K(13184K)->12693K(13184K)
[2026-07-08T16:39:36.514+0530][2054.490s][info][gc          ] GC(24) Pause Young (Normal) (G1 Evacuation Pause) 90M->38M(108M) 11.110ms
[2026-07-08T16:39:36.514+0530][2054.490s][info][gc,cpu      ] GC(24) User=0.00s Sys=0.00s Real=0.01s
[2026-07-08T16:43:38.678+0530][2296.655s][info][gc,start    ] GC(25) Pause Young (Normal) (G1 Evacuation Pause)
[2026-07-08T16:43:38.678+0530][2296.655s][info][gc,task     ] GC(25) Using 8 workers of 10 for evacuation
[2026-07-08T16:43:38.687+0530][2296.664s][info][gc,phases   ] GC(25)   Pre Evacuate Collection Set: 0.2ms
[2026-07-08T16:43:38.687+0530][2296.664s][info][gc,phases   ] GC(25)   Merge Heap Roots: 0.2ms
[2026-07-08T16:43:38.687+0530][2296.664s][info][gc,phases   ] GC(25)   Evacuate Collection Set: 7.8ms
[2026-07-08T16:43:38.687+0530][2296.664s][info][gc,phases   ] GC(25)   Post Evacuate Collection Set: 0.7ms
[2026-07-08T16:43:38.687+0530][2296.664s][info][gc,phases   ] GC(25)   Other: 0.1ms
[2026-07-08T16:43:38.687+0530][2296.664s][info][gc,heap     ] GC(25) Eden regions: 13->0(13)
[2026-07-08T16:43:38.688+0530][2296.664s][info][gc,heap     ] GC(25) Survivor regions: 1->1(2)
[2026-07-08T16:43:38.688+0530][2296.664s][info][gc,heap     ] GC(25) Old regions: 10->10
[2026-07-08T16:43:38.688+0530][2296.664s][info][gc,heap     ] GC(25) Humongous regions: 0->0
[2026-07-08T16:43:38.688+0530][2296.664s][info][gc,metaspace] GC(25) Metaspace: 95668K(96704K)->95668K(96704K) NonClass: 82974K(83520K)->82974K(83520K) Class: 12693K(13184K)->12693K(13184K)
[2026-07-08T16:43:38.688+0530][2296.664s][info][gc          ] GC(25) Pause Young (Normal) (G1 Evacuation Pause) 90M->38M(108M) 9.558ms
[2026-07-08T16:43:38.688+0530][2296.664s][info][gc,cpu      ] GC(25) User=0.02s Sys=0.00s Real=0.01s
[2026-07-08T16:47:52.822+0530][2550.799s][info][gc,start    ] GC(26) Pause Young (Normal) (G1 Evacuation Pause)
[2026-07-08T16:47:52.822+0530][2550.799s][info][gc,task     ] GC(26) Using 8 workers of 10 for evacuation
[2026-07-08T16:47:52.830+0530][2550.806s][info][gc,phases   ] GC(26)   Pre Evacuate Collection Set: 0.1ms
[2026-07-08T16:47:52.830+0530][2550.806s][info][gc,phases   ] GC(26)   Merge Heap Roots: 0.1ms
[2026-07-08T16:47:52.830+0530][2550.806s][info][gc,phases   ] GC(26)   Evacuate Collection Set: 6.3ms
[2026-07-08T16:47:52.830+0530][2550.806s][info][gc,phases   ] GC(26)   Post Evacuate Collection Set: 0.7ms
[2026-07-08T16:47:52.830+0530][2550.806s][info][gc,phases   ] GC(26)   Other: 0.1ms
[2026-07-08T16:47:52.830+0530][2550.806s][info][gc,heap     ] GC(26) Eden regions: 13->0(13)
[2026-07-08T16:47:52.830+0530][2550.807s][info][gc,heap     ] GC(26) Survivor regions: 1->1(2)
[2026-07-08T16:47:52.830+0530][2550.807s][info][gc,heap     ] GC(26) Old regions: 10->10
[2026-07-08T16:47:52.830+0530][2550.807s][info][gc,heap     ] GC(26) Humongous regions: 0->0
[2026-07-08T16:47:52.830+0530][2550.807s][info][gc,metaspace] GC(26) Metaspace: 95668K(96704K)->95668K(96704K) NonClass: 82974K(83520K)->82974K(83520K) Class: 12693K(13184K)->12693K(13184K)
[2026-07-08T16:47:52.830+0530][2550.807s][info][gc          ] GC(26) Pause Young (Normal) (G1 Evacuation Pause) 90M->38M(108M) 7.739ms
[2026-07-08T16:47:52.830+0530][2550.807s][info][gc,cpu      ] GC(26) User=0.00s Sys=0.02s Real=0.01s
[2026-07-08T17:17:24.732+0530][4322.708s][info][gc,start    ] GC(27) Pause Young (Normal) (G1 Evacuation Pause)
[2026-07-08T17:17:24.732+0530][4322.709s][info][gc,task     ] GC(27) Using 8 workers of 10 for evacuation
[2026-07-08T17:17:24.737+0530][4322.713s][info][gc,phases   ] GC(27)   Pre Evacuate Collection Set: 0.3ms
[2026-07-08T17:17:24.737+0530][4322.713s][info][gc,phases   ] GC(27)   Merge Heap Roots: 0.2ms
[2026-07-08T17:17:24.737+0530][4322.713s][info][gc,phases   ] GC(27)   Evacuate Collection Set: 3.1ms
[2026-07-08T17:17:24.737+0530][4322.713s][info][gc,phases   ] GC(27)   Post Evacuate Collection Set: 0.6ms
[2026-07-08T17:17:24.737+0530][4322.713s][info][gc,phases   ] GC(27)   Other: 0.2ms
[2026-07-08T17:17:24.737+0530][4322.713s][info][gc,heap     ] GC(27) Eden regions: 13->0(13)
[2026-07-08T17:17:24.737+0530][4322.713s][info][gc,heap     ] GC(27) Survivor regions: 1->1(2)
[2026-07-08T17:17:24.737+0530][4322.713s][info][gc,heap     ] GC(27) Old regions: 10->10
[2026-07-08T17:17:24.737+0530][4322.713s][info][gc,heap     ] GC(27) Humongous regions: 0->0
[2026-07-08T17:17:24.737+0530][4322.713s][info][gc,metaspace] GC(27) Metaspace: 95670K(96704K)->95670K(96704K) NonClass: 82976K(83520K)->82976K(83520K) Class: 12693K(13184K)->12693K(13184K)
[2026-07-08T17:17:24.737+0530][4322.713s][info][gc          ] GC(27) Pause Young (Normal) (G1 Evacuation Pause) 90M->38M(108M) 4.938ms
[2026-07-08T17:17:24.737+0530][4322.713s][info][gc,cpu      ] GC(27) User=0.00s Sys=0.02s Real=0.00s
[2026-07-08T17:21:35.118+0530][4573.095s][info][gc,start    ] GC(28) Pause Young (Normal) (G1 Evacuation Pause)
[2026-07-08T17:21:35.118+0530][4573.095s][info][gc,task     ] GC(28) Using 8 workers of 10 for evacuation
[2026-07-08T17:21:35.123+0530][4573.099s][info][gc,phases   ] GC(28)   Pre Evacuate Collection Set: 0.2ms
[2026-07-08T17:21:35.123+0530][4573.099s][info][gc,phases   ] GC(28)   Merge Heap Roots: 0.2ms
[2026-07-08T17:21:35.123+0530][4573.099s][info][gc,phases   ] GC(28)   Evacuate Collection Set: 3.0ms
[2026-07-08T17:21:35.123+0530][4573.099s][info][gc,phases   ] GC(28)   Post Evacuate Collection Set: 0.8ms
[2026-07-08T17:21:35.123+0530][4573.099s][info][gc,phases   ] GC(28)   Other: 0.1ms
[2026-07-08T17:21:35.123+0530][4573.099s][info][gc,heap     ] GC(28) Eden regions: 13->0(13)
[2026-07-08T17:21:35.123+0530][4573.099s][info][gc,heap     ] GC(28) Survivor regions: 1->1(2)
[2026-07-08T17:21:35.123+0530][4573.099s][info][gc,heap     ] GC(28) Old regions: 10->10
[2026-07-08T17:21:35.123+0530][4573.099s][info][gc,heap     ] GC(28) Humongous regions: 0->0
[2026-07-08T17:21:35.123+0530][4573.099s][info][gc,metaspace] GC(28) Metaspace: 95721K(96704K)->95721K(96704K) NonClass: 83019K(83520K)->83019K(83520K) Class: 12702K(13184K)->12702K(13184K)
[2026-07-08T17:21:35.123+0530][4573.100s][info][gc          ] GC(28) Pause Young (Normal) (G1 Evacuation Pause) 90M->38M(108M) 4.896ms
[2026-07-08T17:21:35.123+0530][4573.100s][info][gc,cpu      ] GC(28) User=0.00s Sys=0.00s Real=0.00s
[2026-07-08T17:25:51.781+0530][4829.758s][info][gc,start    ] GC(29) Pause Young (Normal) (G1 Evacuation Pause)
[2026-07-08T17:25:51.781+0530][4829.758s][info][gc,task     ] GC(29) Using 8 workers of 10 for evacuation
[2026-07-08T17:25:51.790+0530][4829.767s][info][gc,phases   ] GC(29)   Pre Evacuate Collection Set: 0.2ms
[2026-07-08T17:25:51.791+0530][4829.767s][info][gc,phases   ] GC(29)   Merge Heap Roots: 0.2ms
[2026-07-08T17:25:51.791+0530][4829.767s][info][gc,phases   ] GC(29)   Evacuate Collection Set: 7.6ms
[2026-07-08T17:25:51.791+0530][4829.767s][info][gc,phases   ] GC(29)   Post Evacuate Collection Set: 1.0ms
[2026-07-08T17:25:51.791+0530][4829.767s][info][gc,phases   ] GC(29)   Other: 0.1ms
[2026-07-08T17:25:51.791+0530][4829.767s][info][gc,heap     ] GC(29) Eden regions: 13->0(13)
[2026-07-08T17:25:51.791+0530][4829.767s][info][gc,heap     ] GC(29) Survivor regions: 1->1(2)
[2026-07-08T17:25:51.791+0530][4829.767s][info][gc,heap     ] GC(29) Old regions: 10->10
[2026-07-08T17:25:51.791+0530][4829.767s][info][gc,heap     ] GC(29) Humongous regions: 0->0
[2026-07-08T17:25:51.791+0530][4829.767s][info][gc,metaspace] GC(29) Metaspace: 95721K(96704K)->95721K(96704K) NonClass: 83019K(83520K)->83019K(83520K) Class: 12702K(13184K)->12702K(13184K)
[2026-07-08T17:25:51.791+0530][4829.767s][info][gc          ] GC(29) Pause Young (Normal) (G1 Evacuation Pause) 90M->38M(108M) 9.540ms
[2026-07-08T17:25:51.791+0530][4829.767s][info][gc,cpu      ] GC(29) User=0.00s Sys=0.00s Real=0.01s
[2026-07-08T17:30:07.213+0530][5085.189s][info][gc,start    ] GC(30) Pause Young (Normal) (G1 Evacuation Pause)
[2026-07-08T17:30:07.213+0530][5085.189s][info][gc,task     ] GC(30) Using 8 workers of 10 for evacuation
[2026-07-08T17:30:07.217+0530][5085.194s][info][gc,phases   ] GC(30)   Pre Evacuate Collection Set: 0.1ms
[2026-07-08T17:30:07.217+0530][5085.194s][info][gc,phases   ] GC(30)   Merge Heap Roots: 0.1ms
[2026-07-08T17:30:07.217+0530][5085.194s][info][gc,phases   ] GC(30)   Evacuate Collection Set: 3.3ms
[2026-07-08T17:30:07.217+0530][5085.194s][info][gc,phases   ] GC(30)   Post Evacuate Collection Set: 0.6ms
[2026-07-08T17:30:07.217+0530][5085.194s][info][gc,phases   ] GC(30)   Other: 0.1ms
[2026-07-08T17:30:07.217+0530][5085.194s][info][gc,heap     ] GC(30) Eden regions: 13->0(13)
[2026-07-08T17:30:07.217+0530][5085.194s][info][gc,heap     ] GC(30) Survivor regions: 1->1(2)
[2026-07-08T17:30:07.217+0530][5085.194s][info][gc,heap     ] GC(30) Old regions: 10->10
[2026-07-08T17:30:07.217+0530][5085.194s][info][gc,heap     ] GC(30) Humongous regions: 0->0
[2026-07-08T17:30:07.218+0530][5085.194s][info][gc,metaspace] GC(30) Metaspace: 95721K(96704K)->95721K(96704K) NonClass: 83019K(83520K)->83019K(83520K) Class: 12702K(13184K)->12702K(13184K)
[2026-07-08T17:30:07.218+0530][5085.194s][info][gc          ] GC(30) Pause Young (Normal) (G1 Evacuation Pause) 90M->38M(108M) 4.714ms
[2026-07-08T17:30:07.218+0530][5085.194s][info][gc,cpu      ] GC(30) User=0.00s Sys=0.00s Real=0.00s
[2026-07-08T17:34:10.328+0530][5328.304s][info][gc,start    ] GC(31) Pause Young (Normal) (G1 Evacuation Pause)
[2026-07-08T17:34:10.328+0530][5328.304s][info][gc,task     ] GC(31) Using 8 workers of 10 for evacuation
[2026-07-08T17:34:10.331+0530][5328.308s][info][gc,phases   ] GC(31)   Pre Evacuate Collection Set: 0.3ms
[2026-07-08T17:34:10.331+0530][5328.308s][info][gc,phases   ] GC(31)   Merge Heap Roots: 0.2ms
[2026-07-08T17:34:10.331+0530][5328.308s][info][gc,phases   ] GC(31)   Evacuate Collection Set: 2.4ms
[2026-07-08T17:34:10.331+0530][5328.308s][info][gc,phases   ] GC(31)   Post Evacuate Collection Set: 0.4ms
[2026-07-08T17:34:10.331+0530][5328.308s][info][gc,phases   ] GC(31)   Other: 0.1ms
[2026-07-08T17:34:10.331+0530][5328.308s][info][gc,heap     ] GC(31) Eden regions: 13->0(13)
[2026-07-08T17:34:10.331+0530][5328.308s][info][gc,heap     ] GC(31) Survivor regions: 1->1(2)
[2026-07-08T17:34:10.331+0530][5328.308s][info][gc,heap     ] GC(31) Old regions: 10->10
[2026-07-08T17:34:10.331+0530][5328.308s][info][gc,heap     ] GC(31) Humongous regions: 0->0
[2026-07-08T17:34:10.331+0530][5328.308s][info][gc,metaspace] GC(31) Metaspace: 95721K(96704K)->95721K(96704K) NonClass: 83019K(83520K)->83019K(83520K) Class: 12702K(13184K)->12702K(13184K)
[2026-07-08T17:34:10.331+0530][5328.308s][info][gc          ] GC(31) Pause Young (Normal) (G1 Evacuation Pause) 90M->38M(108M) 3.816ms
[2026-07-08T17:34:10.331+0530][5328.308s][info][gc,cpu      ] GC(31) User=0.00s Sys=0.00s Real=0.00s
[2026-07-08T17:38:28.251+0530][5586.227s][info][gc,start    ] GC(32) Pause Young (Normal) (G1 Evacuation Pause)
[2026-07-08T17:38:28.251+0530][5586.228s][info][gc,task     ] GC(32) Using 8 workers of 10 for evacuation
[2026-07-08T17:38:28.256+0530][5586.232s][info][gc,phases   ] GC(32)   Pre Evacuate Collection Set: 0.2ms
[2026-07-08T17:38:28.256+0530][5586.233s][info][gc,phases   ] GC(32)   Merge Heap Roots: 0.1ms
[2026-07-08T17:38:28.256+0530][5586.233s][info][gc,phases   ] GC(32)   Evacuate Collection Set: 3.0ms
[2026-07-08T17:38:28.256+0530][5586.233s][info][gc,phases   ] GC(32)   Post Evacuate Collection Set: 1.3ms
[2026-07-08T17:38:28.256+0530][5586.233s][info][gc,phases   ] GC(32)   Other: 0.2ms
[2026-07-08T17:38:28.256+0530][5586.233s][info][gc,heap     ] GC(32) Eden regions: 13->0(13)
[2026-07-08T17:38:28.256+0530][5586.233s][info][gc,heap     ] GC(32) Survivor regions: 1->1(2)
[2026-07-08T17:38:28.256+0530][5586.233s][info][gc,heap     ] GC(32) Old regions: 10->10
[2026-07-08T17:38:28.256+0530][5586.233s][info][gc,heap     ] GC(32) Humongous regions: 0->0
[2026-07-08T17:38:28.256+0530][5586.233s][info][gc,metaspace] GC(32) Metaspace: 95721K(96704K)->95721K(96704K) NonClass: 83019K(83520K)->83019K(83520K) Class: 12702K(13184K)->12702K(13184K)
[2026-07-08T17:38:28.256+0530][5586.233s][info][gc          ] GC(32) Pause Young (Normal) (G1 Evacuation Pause) 90M->38M(108M) 5.603ms
[2026-07-08T17:38:28.256+0530][5586.233s][info][gc,cpu      ] GC(32) User=0.00s Sys=0.00s Real=0.01s
[2026-07-08T17:42:44.856+0530][5842.833s][info][gc,start    ] GC(33) Pause Young (Normal) (G1 Evacuation Pause)
[2026-07-08T17:42:44.856+0530][5842.833s][info][gc,task     ] GC(33) Using 8 workers of 10 for evacuation
[2026-07-08T17:42:44.858+0530][5842.835s][info][gc,phases   ] GC(33)   Pre Evacuate Collection Set: 0.4ms
[2026-07-08T17:42:44.858+0530][5842.835s][info][gc,phases   ] GC(33)   Merge Heap Roots: 0.1ms
[2026-07-08T17:42:44.858+0530][5842.835s][info][gc,phases   ] GC(33)   Evacuate Collection Set: 0.8ms
[2026-07-08T17:42:44.858+0530][5842.835s][info][gc,phases   ] GC(33)   Post Evacuate Collection Set: 0.8ms
[2026-07-08T17:42:44.858+0530][5842.835s][info][gc,phases   ] GC(33)   Other: 0.1ms
[2026-07-08T17:42:44.858+0530][5842.835s][info][gc,heap     ] GC(33) Eden regions: 13->0(13)
[2026-07-08T17:42:44.858+0530][5842.835s][info][gc,heap     ] GC(33) Survivor regions: 1->1(2)
[2026-07-08T17:42:44.858+0530][5842.835s][info][gc,heap     ] GC(33) Old regions: 10->10
[2026-07-08T17:42:44.858+0530][5842.836s][info][gc,heap     ] GC(33) Humongous regions: 0->0
[2026-07-08T17:42:44.858+0530][5842.836s][info][gc,metaspace] GC(33) Metaspace: 95721K(96704K)->95721K(96704K) NonClass: 83019K(83520K)->83019K(83520K) Class: 12702K(13184K)->12702K(13184K)
[2026-07-08T17:42:44.859+0530][5842.836s][info][gc          ] GC(33) Pause Young (Normal) (G1 Evacuation Pause) 90M->38M(108M) 2.782ms
[2026-07-08T17:42:44.859+0530][5842.836s][info][gc,cpu      ] GC(33) User=0.05s Sys=0.08s Real=0.00s
[2026-07-08T17:47:01.697+0530][6099.674s][info][gc,start    ] GC(34) Pause Young (Normal) (G1 Evacuation Pause)
[2026-07-08T17:47:01.697+0530][6099.674s][info][gc,task     ] GC(34) Using 8 workers of 10 for evacuation
[2026-07-08T17:47:01.701+0530][6099.678s][info][gc,phases   ] GC(34)   Pre Evacuate Collection Set: 0.1ms
[2026-07-08T17:47:01.701+0530][6099.678s][info][gc,phases   ] GC(34)   Merge Heap Roots: 0.1ms
[2026-07-08T17:47:01.701+0530][6099.678s][info][gc,phases   ] GC(34)   Evacuate Collection Set: 3.2ms
[2026-07-08T17:47:01.701+0530][6099.678s][info][gc,phases   ] GC(34)   Post Evacuate Collection Set: 0.7ms
[2026-07-08T17:47:01.701+0530][6099.678s][info][gc,phases   ] GC(34)   Other: 0.1ms
[2026-07-08T17:47:01.701+0530][6099.678s][info][gc,heap     ] GC(34) Eden regions: 13->0(13)
[2026-07-08T17:47:01.701+0530][6099.678s][info][gc,heap     ] GC(34) Survivor regions: 1->1(2)
[2026-07-08T17:47:01.701+0530][6099.679s][info][gc,heap     ] GC(34) Old regions: 10->10
[2026-07-08T17:47:01.701+0530][6099.679s][info][gc,heap     ] GC(34) Humongous regions: 0->0
[2026-07-08T17:47:01.702+0530][6099.679s][info][gc,metaspace] GC(34) Metaspace: 95721K(96704K)->95721K(96704K) NonClass: 83019K(83520K)->83019K(83520K) Class: 12702K(13184K)->12702K(13184K)
[2026-07-08T17:47:01.702+0530][6099.679s][info][gc          ] GC(34) Pause Young (Normal) (G1 Evacuation Pause) 90M->38M(108M) 4.680ms
[2026-07-08T17:47:01.702+0530][6099.679s][info][gc,cpu      ] GC(34) User=0.00s Sys=0.00s Real=0.00s
[2026-07-08T17:51:04.589+0530][6342.565s][info][gc,start    ] GC(35) Pause Young (Normal) (G1 Evacuation Pause)
[2026-07-08T17:51:04.589+0530][6342.565s][info][gc,task     ] GC(35) Using 8 workers of 10 for evacuation
[2026-07-08T17:51:04.594+0530][6342.570s][info][gc,phases   ] GC(35)   Pre Evacuate Collection Set: 0.2ms
[2026-07-08T17:51:04.594+0530][6342.570s][info][gc,phases   ] GC(35)   Merge Heap Roots: 0.1ms
[2026-07-08T17:51:04.594+0530][6342.570s][info][gc,phases   ] GC(35)   Evacuate Collection Set: 3.6ms
[2026-07-08T17:51:04.594+0530][6342.570s][info][gc,phases   ] GC(35)   Post Evacuate Collection Set: 0.8ms
[2026-07-08T17:51:04.594+0530][6342.570s][info][gc,phases   ] GC(35)   Other: 0.1ms
[2026-07-08T17:51:04.594+0530][6342.570s][info][gc,heap     ] GC(35) Eden regions: 13->0(13)
[2026-07-08T17:51:04.594+0530][6342.570s][info][gc,heap     ] GC(35) Survivor regions: 1->1(2)
[2026-07-08T17:51:04.594+0530][6342.570s][info][gc,heap     ] GC(35) Old regions: 10->10
[2026-07-08T17:51:04.594+0530][6342.570s][info][gc,heap     ] GC(35) Humongous regions: 0->0
[2026-07-08T17:51:04.594+0530][6342.570s][info][gc,metaspace] GC(35) Metaspace: 95731K(96704K)->95731K(96704K) NonClass: 83027K(83520K)->83027K(83520K) Class: 12703K(13184K)->12703K(13184K)
[2026-07-08T17:51:04.594+0530][6342.570s][info][gc          ] GC(35) Pause Young (Normal) (G1 Evacuation Pause) 90M->38M(108M) 5.287ms
[2026-07-08T17:51:04.594+0530][6342.570s][info][gc,cpu      ] GC(35) User=0.02s Sys=0.00s Real=0.01s
[2026-07-08T17:55:18.167+0530][6596.144s][info][gc,start    ] GC(36) Pause Young (Normal) (G1 Evacuation Pause)
[2026-07-08T17:55:18.167+0530][6596.144s][info][gc,task     ] GC(36) Using 8 workers of 10 for evacuation
[2026-07-08T17:55:18.171+0530][6596.148s][info][gc,phases   ] GC(36)   Pre Evacuate Collection Set: 0.1ms
[2026-07-08T17:55:18.171+0530][6596.148s][info][gc,phases   ] GC(36)   Merge Heap Roots: 0.1ms
[2026-07-08T17:55:18.171+0530][6596.148s][info][gc,phases   ] GC(36)   Evacuate Collection Set: 3.3ms
[2026-07-08T17:55:18.171+0530][6596.148s][info][gc,phases   ] GC(36)   Post Evacuate Collection Set: 0.3ms
[2026-07-08T17:55:18.171+0530][6596.148s][info][gc,phases   ] GC(36)   Other: 0.1ms
[2026-07-08T17:55:18.171+0530][6596.148s][info][gc,heap     ] GC(36) Eden regions: 13->0(13)
[2026-07-08T17:55:18.171+0530][6596.148s][info][gc,heap     ] GC(36) Survivor regions: 1->1(2)
[2026-07-08T17:55:18.171+0530][6596.148s][info][gc,heap     ] GC(36) Old regions: 10->10
[2026-07-08T17:55:18.171+0530][6596.148s][info][gc,heap     ] GC(36) Humongous regions: 0->0
[2026-07-08T17:55:18.171+0530][6596.148s][info][gc,metaspace] GC(36) Metaspace: 95733K(96704K)->95733K(96704K) NonClass: 83029K(83520K)->83029K(83520K) Class: 12704K(13184K)->12704K(13184K)
[2026-07-08T17:55:18.171+0530][6596.148s][info][gc          ] GC(36) Pause Young (Normal) (G1 Evacuation Pause) 90M->38M(108M) 4.067ms
[2026-07-08T17:55:18.171+0530][6596.148s][info][gc,cpu      ] GC(36) User=0.02s Sys=0.00s Real=0.00s
[2026-07-08T17:59:32.075+0530][6850.052s][info][gc,start    ] GC(37) Pause Young (Normal) (G1 Evacuation Pause)
[2026-07-08T17:59:32.075+0530][6850.052s][info][gc,task     ] GC(37) Using 8 workers of 10 for evacuation
[2026-07-08T17:59:32.077+0530][6850.054s][info][gc,phases   ] GC(37)   Pre Evacuate Collection Set: 0.1ms
[2026-07-08T17:59:32.077+0530][6850.054s][info][gc,phases   ] GC(37)   Merge Heap Roots: 0.1ms
[2026-07-08T17:59:32.077+0530][6850.054s][info][gc,phases   ] GC(37)   Evacuate Collection Set: 0.7ms
[2026-07-08T17:59:32.077+0530][6850.054s][info][gc,phases   ] GC(37)   Post Evacuate Collection Set: 0.3ms
[2026-07-08T17:59:32.077+0530][6850.054s][info][gc,phases   ] GC(37)   Other: 0.1ms
[2026-07-08T17:59:32.077+0530][6850.054s][info][gc,heap     ] GC(37) Eden regions: 13->0(13)
[2026-07-08T17:59:32.077+0530][6850.054s][info][gc,heap     ] GC(37) Survivor regions: 1->1(2)
[2026-07-08T17:59:32.077+0530][6850.054s][info][gc,heap     ] GC(37) Old regions: 10->10
[2026-07-08T17:59:32.077+0530][6850.054s][info][gc,heap     ] GC(37) Humongous regions: 0->0
[2026-07-08T17:59:32.077+0530][6850.054s][info][gc,metaspace] GC(37) Metaspace: 95733K(96704K)->95733K(96704K) NonClass: 83029K(83520K)->83029K(83520K) Class: 12704K(13184K)->12704K(13184K)
[2026-07-08T17:59:32.077+0530][6850.054s][info][gc          ] GC(37) Pause Young (Normal) (G1 Evacuation Pause) 90M->38M(108M) 1.479ms
[2026-07-08T17:59:32.077+0530][6850.054s][info][gc,cpu      ] GC(37) User=0.02s Sys=0.00s Real=0.00s
[2026-07-08T18:03:47.696+0530][7105.672s][info][gc,start    ] GC(38) Pause Young (Normal) (G1 Evacuation Pause)
[2026-07-08T18:03:47.696+0530][7105.672s][info][gc,task     ] GC(38) Using 8 workers of 10 for evacuation
[2026-07-08T18:03:47.698+0530][7105.675s][info][gc,phases   ] GC(38)   Pre Evacuate Collection Set: 0.3ms
[2026-07-08T18:03:47.698+0530][7105.675s][info][gc,phases   ] GC(38)   Merge Heap Roots: 0.2ms
[2026-07-08T18:03:47.698+0530][7105.675s][info][gc,phases   ] GC(38)   Evacuate Collection Set: 0.9ms
[2026-07-08T18:03:47.698+0530][7105.675s][info][gc,phases   ] GC(38)   Post Evacuate Collection Set: 0.6ms
[2026-07-08T18:03:47.699+0530][7105.675s][info][gc,phases   ] GC(38)   Other: 0.3ms
[2026-07-08T18:03:47.699+0530][7105.675s][info][gc,heap     ] GC(38) Eden regions: 13->0(13)
[2026-07-08T18:03:47.699+0530][7105.675s][info][gc,heap     ] GC(38) Survivor regions: 1->1(2)
[2026-07-08T18:03:47.699+0530][7105.675s][info][gc,heap     ] GC(38) Old regions: 10->10
[2026-07-08T18:03:47.699+0530][7105.675s][info][gc,heap     ] GC(38) Humongous regions: 0->0
[2026-07-08T18:03:47.699+0530][7105.675s][info][gc,metaspace] GC(38) Metaspace: 95733K(96704K)->95733K(96704K) NonClass: 83029K(83520K)->83029K(83520K) Class: 12704K(13184K)->12704K(13184K)
[2026-07-08T18:03:47.699+0530][7105.675s][info][gc          ] GC(38) Pause Young (Normal) (G1 Evacuation Pause) 90M->38M(108M) 2.952ms
[2026-07-08T18:03:47.699+0530][7105.675s][info][gc,cpu      ] GC(38) User=0.00s Sys=0.00s Real=0.00s
[2026-07-08T18:07:40.449+0530][7338.425s][info][gc,heap,exit] Heap
[2026-07-08T18:07:40.449+0530][7338.425s][info][gc,heap,exit]  garbage-first heap   total 110592K, used 88440K [0x0000000604c00000, 0x0000000800000000)
[2026-07-08T18:07:40.449+0530][7338.425s][info][gc,heap,exit]   region size 4096K, 13 young (53248K), 1 survivors (4096K)
[2026-07-08T18:07:40.449+0530][7338.425s][info][gc,heap,exit]  Metaspace       used 95871K, committed 96896K, reserved 1179648K
[2026-07-08T18:07:40.449+0530][7338.425s][info][gc,heap,exit]   class space    used 12732K, committed 13184K, reserved 1048576K
